<?xml version="1.0"?>
<link_info>
   <banner>TI ARM Linker PC v16.9.4.LTS</banner>
   <copyright>Copyright (c) 1996-2017 Texas Instruments Incorporated</copyright>
   <link_time>0x65044c2f</link_time>
   <link_errors>0x0</link_errors>
   <output_file>TEST2.out</output_file>
   <entry_point>
      <name>_c_int00</name>
      <address>0x4afd</address>
   </entry_point>
   <input_file_list>
      <input_file id="fl-2">
         <path>.\</path>
         <kind>object</kind>
         <file>main.obj</file>
         <name>main.obj</name>
      </input_file>
      <input_file id="fl-3">
         <path>.\</path>
         <kind>object</kind>
         <file>tm4c123gh6pm_startup_ccs.obj</file>
         <name>tm4c123gh6pm_startup_ccs.obj</name>
      </input_file>
      <input_file id="fl-4">
         <path>.\APPLICATION\</path>
         <kind>object</kind>
         <file>app.obj</file>
         <name>app.obj</name>
      </input_file>
      <input_file id="fl-5">
         <path>.\HAL\LCD\</path>
         <kind>object</kind>
         <file>lcd.obj</file>
         <name>lcd.obj</name>
      </input_file>
      <input_file id="fl-6">
         <path>.\HAL\LDR\</path>
         <kind>object</kind>
         <file>ldr_sensor.obj</file>
         <name>ldr_sensor.obj</name>
      </input_file>
      <input_file id="fl-7">
         <path>.\HAL\MOTOR\</path>
         <kind>object</kind>
         <file>motor.obj</file>
         <name>motor.obj</name>
      </input_file>
      <input_file id="fl-8">
         <path>.\HAL\SWITCH\</path>
         <kind>object</kind>
         <file>switch.obj</file>
         <name>switch.obj</name>
      </input_file>
      <input_file id="fl-9">
         <path>.\HAL\TEMP_SENSOR\</path>
         <kind>object</kind>
         <file>temperture_sensor.obj</file>
         <name>temperture_sensor.obj</name>
      </input_file>
      <input_file id="fl-a">
         <path>.\HAL\ULTRASONIC\</path>
         <kind>object</kind>
         <file>ultrasonic_sensor.obj</file>
         <name>ultrasonic_sensor.obj</name>
      </input_file>
      <input_file id="fl-b">
         <path>.\MCAL\ADC\</path>
         <kind>object</kind>
         <file>adc.obj</file>
         <name>adc.obj</name>
      </input_file>
      <input_file id="fl-c">
         <path>.\MCAL\GPIO\</path>
         <kind>object</kind>
         <file>gpio.obj</file>
         <name>gpio.obj</name>
      </input_file>
      <input_file id="fl-d">
         <path>.\MCAL\SYSTICK\</path>
         <kind>object</kind>
         <file>systick.obj</file>
         <name>systick.obj</name>
      </input_file>
      <input_file id="fl-e">
         <path>.\MCAL\TIMER\</path>
         <kind>object</kind>
         <file>timer.obj</file>
         <name>timer.obj</name>
      </input_file>
      <input_file id="fl-f">
         <path>.\MCAL\</path>
         <kind>object</kind>
         <file>general_functions.obj</file>
         <name>general_functions.obj</name>
      </input_file>
      <input_file id="fl-10">
         <path>.\SCHEDULER\</path>
         <kind>object</kind>
         <file>scheduler.obj</file>
         <name>scheduler.obj</name>
      </input_file>
      <input_file id="fl-14">
         <kind>object</kind>
         <file>&lt;internal&gt;</file>
         <name>&lt;internal&gt;</name>
      </input_file>
      <input_file id="fl-ca">
         <path>C:\ti\ccsv7\tools\compiler\ti-cgt-arm_16.9.4.LTS\lib\</path>
         <kind>archive</kind>
         <file>rtsv7M4_T_le_v4SPD16_eabi.lib</file>
         <name>boot.obj</name>
      </input_file>
      <input_file id="fl-cb">
         <path>C:\ti\ccsv7\tools\compiler\ti-cgt-arm_16.9.4.LTS\lib\</path>
         <kind>archive</kind>
         <file>rtsv7M4_T_le_v4SPD16_eabi.lib</file>
         <name>copy_decompress_lzss.obj</name>
      </input_file>
      <input_file id="fl-cc">
         <path>C:\ti\ccsv7\tools\compiler\ti-cgt-arm_16.9.4.LTS\lib\</path>
         <kind>archive</kind>
         <file>rtsv7M4_T_le_v4SPD16_eabi.lib</file>
         <name>copy_decompress_none.obj</name>
      </input_file>
      <input_file id="fl-cd">
         <path>C:\ti\ccsv7\tools\compiler\ti-cgt-arm_16.9.4.LTS\lib\</path>
         <kind>archive</kind>
         <file>rtsv7M4_T_le_v4SPD16_eabi.lib</file>
         <name>copy_zero_init.obj</name>
      </input_file>
      <input_file id="fl-ce">
         <path>C:\ti\ccsv7\tools\compiler\ti-cgt-arm_16.9.4.LTS\lib\</path>
         <kind>archive</kind>
         <file>rtsv7M4_T_le_v4SPD16_eabi.lib</file>
         <name>exit.obj</name>
      </input_file>
      <input_file id="fl-cf">
         <path>C:\ti\ccsv7\tools\compiler\ti-cgt-arm_16.9.4.LTS\lib\</path>
         <kind>archive</kind>
         <file>rtsv7M4_T_le_v4SPD16_eabi.lib</file>
         <name>fd_add_t2.obj</name>
      </input_file>
      <input_file id="fl-d0">
         <path>C:\ti\ccsv7\tools\compiler\ti-cgt-arm_16.9.4.LTS\lib\</path>
         <kind>archive</kind>
         <file>rtsv7M4_T_le_v4SPD16_eabi.lib</file>
         <name>fd_div_t2.obj</name>
      </input_file>
      <input_file id="fl-d1">
         <path>C:\ti\ccsv7\tools\compiler\ti-cgt-arm_16.9.4.LTS\lib\</path>
         <kind>archive</kind>
         <file>rtsv7M4_T_le_v4SPD16_eabi.lib</file>
         <name>fd_mul_t2.obj</name>
      </input_file>
      <input_file id="fl-d2">
         <path>C:\ti\ccsv7\tools\compiler\ti-cgt-arm_16.9.4.LTS\lib\</path>
         <kind>archive</kind>
         <file>rtsv7M4_T_le_v4SPD16_eabi.lib</file>
         <name>fd_tou_t2.obj</name>
      </input_file>
      <input_file id="fl-d3">
         <path>C:\ti\ccsv7\tools\compiler\ti-cgt-arm_16.9.4.LTS\lib\</path>
         <kind>archive</kind>
         <file>rtsv7M4_T_le_v4SPD16_eabi.lib</file>
         <name>fs_tod_t2.obj</name>
      </input_file>
      <input_file id="fl-d4">
         <path>C:\ti\ccsv7\tools\compiler\ti-cgt-arm_16.9.4.LTS\lib\</path>
         <kind>archive</kind>
         <file>rtsv7M4_T_le_v4SPD16_eabi.lib</file>
         <name>ltoa.obj</name>
      </input_file>
      <input_file id="fl-d5">
         <path>C:\ti\ccsv7\tools\compiler\ti-cgt-arm_16.9.4.LTS\lib\</path>
         <kind>archive</kind>
         <file>rtsv7M4_T_le_v4SPD16_eabi.lib</file>
         <name>memcpy_t2.obj</name>
      </input_file>
      <input_file id="fl-d6">
         <path>C:\ti\ccsv7\tools\compiler\ti-cgt-arm_16.9.4.LTS\lib\</path>
         <kind>archive</kind>
         <file>rtsv7M4_T_le_v4SPD16_eabi.lib</file>
         <name>memset_t2.obj</name>
      </input_file>
      <input_file id="fl-d7">
         <path>C:\ti\ccsv7\tools\compiler\ti-cgt-arm_16.9.4.LTS\lib\</path>
         <kind>archive</kind>
         <file>rtsv7M4_T_le_v4SPD16_eabi.lib</file>
         <name>mpu_init.obj</name>
      </input_file>
      <input_file id="fl-d8">
         <path>C:\ti\ccsv7\tools\compiler\ti-cgt-arm_16.9.4.LTS\lib\</path>
         <kind>archive</kind>
         <file>rtsv7M4_T_le_v4SPD16_eabi.lib</file>
         <name>pre_init.obj</name>
      </input_file>
      <input_file id="fl-d9">
         <path>C:\ti\ccsv7\tools\compiler\ti-cgt-arm_16.9.4.LTS\lib\</path>
         <kind>archive</kind>
         <file>rtsv7M4_T_le_v4SPD16_eabi.lib</file>
         <name>stkdepth_vars.obj</name>
      </input_file>
      <input_file id="fl-da">
         <path>C:\ti\ccsv7\tools\compiler\ti-cgt-arm_16.9.4.LTS\lib\</path>
         <kind>archive</kind>
         <file>rtsv7M4_T_le_v4SPD16_eabi.lib</file>
         <name>u_tofd_t2.obj</name>
      </input_file>
      <input_file id="fl-db">
         <path>C:\ti\ccsv7\tools\compiler\ti-cgt-arm_16.9.4.LTS\lib\</path>
         <kind>archive</kind>
         <file>rtsv7M4_T_le_v4SPD16_eabi.lib</file>
         <name>_lock.obj</name>
      </input_file>
      <input_file id="fl-dc">
         <path>C:\ti\ccsv7\tools\compiler\ti-cgt-arm_16.9.4.LTS\lib\</path>
         <kind>archive</kind>
         <file>rtsv7M4_T_le_v4SPD16_eabi.lib</file>
         <name>args_main.obj</name>
      </input_file>
      <input_file id="fl-dd">
         <path>C:\ti\ccsv7\tools\compiler\ti-cgt-arm_16.9.4.LTS\lib\</path>
         <kind>archive</kind>
         <file>rtsv7M4_T_le_v4SPD16_eabi.lib</file>
         <name>autoinit.obj</name>
      </input_file>
      <input_file id="fl-de">
         <path>C:\ti\ccsv7\tools\compiler\ti-cgt-arm_16.9.4.LTS\lib\</path>
         <kind>archive</kind>
         <file>rtsv7M4_T_le_v4SPD16_eabi.lib</file>
         <name>cpy_tbl.obj</name>
      </input_file>
      <input_file id="fl-df">
         <path>C:\ti\ccsv7\tools\compiler\ti-cgt-arm_16.9.4.LTS\lib\</path>
         <kind>archive</kind>
         <file>rtsv7M4_T_le_v4SPD16_eabi.lib</file>
         <name>startup.obj</name>
      </input_file>
   </input_file_list>
   <object_component_list>
      <object_component id="oc-f">
         <name>.intvecs</name>
         <load_address>0x0</load_address>
         <run_address>0x0</run_address>
         <size>0x26c</size>
         <input_file_ref idref="fl-3"/>
      </object_component>
      <object_component id="oc-37">
         <name>.text</name>
         <load_address>0x26c</load_address>
         <run_address>0x26c</run_address>
         <size>0x1f10</size>
         <input_file_ref idref="fl-e"/>
      </object_component>
      <object_component id="oc-a2">
         <name>.text</name>
         <load_address>0x217c</load_address>
         <run_address>0x217c</run_address>
         <size>0xed0</size>
         <input_file_ref idref="fl-c"/>
      </object_component>
      <object_component id="oc-135">
         <name>.text</name>
         <load_address>0x304c</load_address>
         <run_address>0x304c</run_address>
         <size>0x438</size>
         <input_file_ref idref="fl-4"/>
      </object_component>
      <object_component id="oc-1e4">
         <name>.text</name>
         <load_address>0x3484</load_address>
         <run_address>0x3484</run_address>
         <size>0x420</size>
         <input_file_ref idref="fl-b"/>
      </object_component>
      <object_component id="oc-167">
         <name>.text</name>
         <load_address>0x38a4</load_address>
         <run_address>0x38a4</run_address>
         <size>0x32a</size>
         <input_file_ref idref="fl-5"/>
      </object_component>
      <object_component id="oc-63">
         <name>.text</name>
         <load_address>0x3bce</load_address>
         <run_address>0x3bce</run_address>
         <size>0x2</size>
         <input_file_ref idref="fl-d7"/>
      </object_component>
      <object_component id="oc-86">
         <name>.text</name>
         <load_address>0x3bd0</load_address>
         <run_address>0x3bd0</run_address>
         <size>0x310</size>
         <input_file_ref idref="fl-d"/>
      </object_component>
      <object_component id="oc-1a0">
         <name>.text</name>
         <load_address>0x3ee0</load_address>
         <run_address>0x3ee0</run_address>
         <size>0x1b6</size>
         <input_file_ref idref="fl-cf"/>
      </object_component>
      <object_component id="oc-cf">
         <name>.text</name>
         <load_address>0x4096</load_address>
         <run_address>0x4096</run_address>
         <size>0x2</size>
         <input_file_ref idref="fl-df"/>
      </object_component>
      <object_component id="oc-17f">
         <name>.text</name>
         <load_address>0x4098</load_address>
         <run_address>0x4098</run_address>
         <size>0x168</size>
         <input_file_ref idref="fl-a"/>
      </object_component>
      <object_component id="oc-16d">
         <name>.text</name>
         <load_address>0x4200</load_address>
         <run_address>0x4200</run_address>
         <size>0x138</size>
         <input_file_ref idref="fl-7"/>
      </object_component>
      <object_component id="oc-ef">
         <name>.text</name>
         <load_address>0x4338</load_address>
         <run_address>0x4338</run_address>
         <size>0x136</size>
         <input_file_ref idref="fl-d0"/>
      </object_component>
      <object_component id="oc-31">
         <name>.text</name>
         <load_address>0x4470</load_address>
         <run_address>0x4470</run_address>
         <size>0x114</size>
         <input_file_ref idref="fl-10"/>
      </object_component>
      <object_component id="oc-19b">
         <name>.text</name>
         <load_address>0x4584</load_address>
         <run_address>0x4584</run_address>
         <size>0xfc</size>
         <input_file_ref idref="fl-d1"/>
      </object_component>
      <object_component id="oc-4b">
         <name>.text</name>
         <load_address>0x4680</load_address>
         <run_address>0x4680</run_address>
         <size>0x9c</size>
         <input_file_ref idref="fl-d5"/>
      </object_component>
      <object_component id="oc-179">
         <name>.text</name>
         <load_address>0x471c</load_address>
         <run_address>0x471c</run_address>
         <size>0x96</size>
         <input_file_ref idref="fl-9"/>
      </object_component>
      <object_component id="oc-173">
         <name>.text</name>
         <load_address>0x47b2</load_address>
         <run_address>0x47b2</run_address>
         <size>0x8a</size>
         <input_file_ref idref="fl-6"/>
      </object_component>
      <object_component id="oc-185">
         <name>.text</name>
         <load_address>0x483c</load_address>
         <run_address>0x483c</run_address>
         <size>0x88</size>
         <input_file_ref idref="fl-8"/>
      </object_component>
      <object_component id="oc-18b">
         <name>.text</name>
         <load_address>0x48c4</load_address>
         <run_address>0x48c4</run_address>
         <size>0x7c</size>
         <input_file_ref idref="fl-f"/>
      </object_component>
      <object_component id="oc-57">
         <name>.text</name>
         <load_address>0x4940</load_address>
         <run_address>0x4940</run_address>
         <size>0x7a</size>
         <input_file_ref idref="fl-d6"/>
      </object_component>
      <object_component id="oc-6f">
         <name>.text</name>
         <load_address>0x49bc</load_address>
         <run_address>0x49bc</run_address>
         <size>0x70</size>
         <input_file_ref idref="fl-dd"/>
      </object_component>
      <object_component id="oc-12">
         <name>.text:decompress:lzss</name>
         <load_address>0x4a2c</load_address>
         <run_address>0x4a2c</run_address>
         <size>0x68</size>
         <input_file_ref idref="fl-cb"/>
      </object_component>
      <object_component id="oc-d7">
         <name>.text</name>
         <load_address>0x4a94</load_address>
         <run_address>0x4a94</run_address>
         <size>0x68</size>
         <input_file_ref idref="fl-2"/>
      </object_component>
      <object_component id="oc-24">
         <name>.text</name>
         <load_address>0x4afc</load_address>
         <run_address>0x4afc</run_address>
         <size>0x54</size>
         <input_file_ref idref="fl-ca"/>
      </object_component>
      <object_component id="oc-7b">
         <name>.text</name>
         <load_address>0x4b50</load_address>
         <run_address>0x4b50</run_address>
         <size>0x54</size>
         <input_file_ref idref="fl-ce"/>
      </object_component>
      <object_component id="oc-1cf">
         <name>.text</name>
         <load_address>0x4ba4</load_address>
         <run_address>0x4ba4</run_address>
         <size>0x54</size>
         <input_file_ref idref="fl-d4"/>
      </object_component>
      <object_component id="oc-c9">
         <name>.text</name>
         <load_address>0x4bf8</load_address>
         <run_address>0x4bf8</run_address>
         <size>0x4c</size>
         <input_file_ref idref="fl-de"/>
      </object_component>
      <object_component id="oc-f4">
         <name>.text</name>
         <load_address>0x4c44</load_address>
         <run_address>0x4c44</run_address>
         <size>0x44</size>
         <input_file_ref idref="fl-d2"/>
      </object_component>
      <object_component id="oc-ea">
         <name>.text</name>
         <load_address>0x4c88</load_address>
         <run_address>0x4c88</run_address>
         <size>0x38</size>
         <input_file_ref idref="fl-d3"/>
      </object_component>
      <object_component id="oc-196">
         <name>.text</name>
         <load_address>0x4cc0</load_address>
         <run_address>0x4cc0</run_address>
         <size>0x20</size>
         <input_file_ref idref="fl-da"/>
      </object_component>
      <object_component id="oc-75">
         <name>.text</name>
         <load_address>0x4ce0</load_address>
         <run_address>0x4ce0</run_address>
         <size>0x18</size>
         <input_file_ref idref="fl-dc"/>
      </object_component>
      <object_component id="oc-145">
         <name>.text</name>
         <load_address>0x4cf8</load_address>
         <run_address>0x4cf8</run_address>
         <size>0x14</size>
         <input_file_ref idref="fl-db"/>
      </object_component>
      <object_component id="oc-18">
         <name>.text:decompress:none</name>
         <load_address>0x4d0c</load_address>
         <run_address>0x4d0c</run_address>
         <size>0xe</size>
         <input_file_ref idref="fl-cc"/>
      </object_component>
      <object_component id="oc-1e">
         <name>.text:decompress:ZI</name>
         <load_address>0x4d1a</load_address>
         <run_address>0x4d1a</run_address>
         <size>0xc</size>
         <input_file_ref idref="fl-cd"/>
      </object_component>
      <object_component id="oc-2b">
         <name>.text</name>
         <load_address>0x4d26</load_address>
         <run_address>0x4d26</run_address>
         <size>0xc</size>
         <input_file_ref idref="fl-3"/>
      </object_component>
      <object_component id="oc-69">
         <name>.text</name>
         <load_address>0x4d32</load_address>
         <run_address>0x4d32</run_address>
         <size>0x4</size>
         <input_file_ref idref="fl-d8"/>
      </object_component>
      <object_component id="oc-1d7">
         <name>.const:$P$T0$1</name>
         <load_address>0x4d36</load_address>
         <run_address>0x4d36</run_address>
         <size>0x5</size>
         <input_file_ref idref="fl-7"/>
      </object_component>
      <object_component id="oc-1da">
         <name>.const:$P$T1$2</name>
         <load_address>0x4d3b</load_address>
         <run_address>0x4d3b</run_address>
         <size>0x5</size>
         <input_file_ref idref="fl-7"/>
      </object_component>
      <object_component id="oc-259">
         <name>.cinit..data.load</name>
         <load_address>0x4d40</load_address>
         <run_address>0x4d40</run_address>
         <size>0x44</size>
      </object_component>
      <object_component id="oc-257">
         <name>__TI_handler_table</name>
         <load_address>0x4d84</load_address>
         <run_address>0x4d84</run_address>
         <size>0xc</size>
      </object_component>
      <object_component id="oc-25a">
         <name>.cinit..bss.load</name>
         <load_address>0x4d90</load_address>
         <run_address>0x4d90</run_address>
         <size>0x8</size>
      </object_component>
      <object_component id="oc-258">
         <name>__TI_cinit_table</name>
         <load_address>0x4d98</load_address>
         <run_address>0x4d98</run_address>
         <size>0x10</size>
      </object_component>
      <object_component id="oc-1c1">
         <name>.data</name>
         <load_address>0x20000248</load_address>
         <run_address>0x20000248</run_address>
         <size>0x12</size>
         <input_file_ref idref="fl-4"/>
      </object_component>
      <object_component id="oc-1ba">
         <name>.data:start_switch</name>
         <load_address>0x2000027c</load_address>
         <run_address>0x2000027c</run_address>
         <size>0x8</size>
         <input_file_ref idref="fl-4"/>
      </object_component>
      <object_component id="oc-1bd">
         <name>.data:stop_switch</name>
         <load_address>0x20000284</load_address>
         <run_address>0x20000284</run_address>
         <size>0x8</size>
         <input_file_ref idref="fl-4"/>
      </object_component>
      <object_component id="oc-1a8">
         <name>.data:LEFT_SIDE</name>
         <load_address>0x200002a9</load_address>
         <run_address>0x200002a9</run_address>
         <size>0x5</size>
         <input_file_ref idref="fl-4"/>
      </object_component>
      <object_component id="oc-1ab">
         <name>.data:RIGHT_SIDE</name>
         <load_address>0x200002ae</load_address>
         <run_address>0x200002ae</run_address>
         <size>0x5</size>
         <input_file_ref idref="fl-4"/>
      </object_component>
      <object_component id="oc-1ae">
         <name>.data:LDR1</name>
         <load_address>0x20000294</load_address>
         <run_address>0x20000294</run_address>
         <size>0x7</size>
         <input_file_ref idref="fl-4"/>
      </object_component>
      <object_component id="oc-1b1">
         <name>.data:LDR2</name>
         <load_address>0x2000029b</load_address>
         <run_address>0x2000029b</run_address>
         <size>0x7</size>
         <input_file_ref idref="fl-4"/>
      </object_component>
      <object_component id="oc-1b4">
         <name>.data:TEMP_SENSOR</name>
         <load_address>0x200002a2</load_address>
         <run_address>0x200002a2</run_address>
         <size>0x7</size>
         <input_file_ref idref="fl-4"/>
      </object_component>
      <object_component id="oc-1b7">
         <name>.data:Ultrasonic_Sensor</name>
         <load_address>0x200002c4</load_address>
         <run_address>0x200002c4</run_address>
         <size>0x3</size>
         <input_file_ref idref="fl-4"/>
      </object_component>
      <object_component id="oc-1a5">
         <name>.data:Stop_watch</name>
         <load_address>0x200002b3</load_address>
         <run_address>0x200002b3</run_address>
         <size>0x5</size>
         <input_file_ref idref="fl-4"/>
      </object_component>
      <object_component id="oc-fc">
         <name>.data</name>
         <load_address>0x200002bc</load_address>
         <run_address>0x200002bc</run_address>
         <size>0x4</size>
         <input_file_ref idref="fl-d"/>
      </object_component>
      <object_component id="oc-9f">
         <name>.data</name>
         <load_address>0x200002c0</load_address>
         <run_address>0x200002c0</run_address>
         <size>0x4</size>
         <input_file_ref idref="fl-e"/>
      </object_component>
      <object_component id="oc-92">
         <name>.data:tasks</name>
         <load_address>0x20000200</load_address>
         <run_address>0x20000200</run_address>
         <size>0x48</size>
         <input_file_ref idref="fl-10"/>
      </object_component>
      <object_component id="oc-8c">
         <name>.data</name>
         <load_address>0x2000025a</load_address>
         <run_address>0x2000025a</run_address>
         <size>0x2</size>
         <input_file_ref idref="fl-10"/>
      </object_component>
      <object_component id="oc-95">
         <name>.data:tasks_time</name>
         <load_address>0x20000268</load_address>
         <run_address>0x20000268</run_address>
         <size>0xc</size>
         <input_file_ref idref="fl-10"/>
      </object_component>
      <object_component id="oc-8f">
         <name>.data:systick1</name>
         <load_address>0x2000028c</load_address>
         <run_address>0x2000028c</run_address>
         <size>0x8</size>
         <input_file_ref idref="fl-10"/>
      </object_component>
      <object_component id="oc-df">
         <name>.data:$O1$$</name>
         <load_address>0x2000025c</load_address>
         <run_address>0x2000025c</run_address>
         <size>0xc</size>
         <input_file_ref idref="fl-ce"/>
      </object_component>
      <object_component id="oc-81">
         <name>.data</name>
         <load_address>0x200002b8</load_address>
         <run_address>0x200002b8</run_address>
         <size>0x4</size>
         <input_file_ref idref="fl-d9"/>
      </object_component>
      <object_component id="oc-e2">
         <name>.data:$O1$$</name>
         <load_address>0x20000274</load_address>
         <run_address>0x20000274</run_address>
         <size>0x8</size>
         <input_file_ref idref="fl-db"/>
      </object_component>
      <object_component id="oc-1c0">
         <name>.bss</name>
         <uninitialized>true</uninitialized>
         <run_address>0x200002d4</run_address>
         <size>0x2</size>
         <input_file_ref idref="fl-4"/>
      </object_component>
      <object_component id="oc-f9">
         <name>.bss</name>
         <uninitialized>true</uninitialized>
         <run_address>0x200002d6</run_address>
         <size>0x1</size>
         <input_file_ref idref="fl-d"/>
      </object_component>
      <object_component id="oc-191">
         <name>.common:hours</name>
         <uninitialized>true</uninitialized>
         <run_address>0x200002c8</run_address>
         <size>0x4</size>
      </object_component>
      <object_component id="oc-194">
         <name>.common:mins</name>
         <uninitialized>true</uninitialized>
         <run_address>0x200002cc</run_address>
         <size>0x4</size>
      </object_component>
      <object_component id="oc-195">
         <name>.common:secs</name>
         <uninitialized>true</uninitialized>
         <run_address>0x200002d0</run_address>
         <size>0x4</size>
      </object_component>
      <object_component id="oc-2a">
         <name>.stack</name>
         <uninitialized>true</uninitialized>
         <run_address>0x20000000</run_address>
         <size>0x0</size>
         <input_file_ref idref="fl-ca"/>
      </object_component>
      <object_component id="oc-25b">
         <name>.stack</name>
         <uninitialized>true</uninitialized>
         <run_address>0x20000000</run_address>
         <size>0x0</size>
      </object_component>
      <object_component id="oc-158">
         <name>.debug_info</name>
         <load_address>0x0</load_address>
         <run_address>0x0</run_address>
         <size>0x3b6</size>
         <input_file_ref idref="fl-2"/>
      </object_component>
      <object_component id="oc-d8">
         <name>.debug_info</name>
         <load_address>0x3b6</load_address>
         <run_address>0x3b6</run_address>
         <size>0x184</size>
         <input_file_ref idref="fl-2"/>
      </object_component>
      <object_component id="oc-1c5">
         <name>.debug_info</name>
         <load_address>0x53a</load_address>
         <run_address>0x53a</run_address>
         <size>0xd8</size>
         <input_file_ref idref="fl-2"/>
      </object_component>
      <object_component id="oc-11f">
         <name>.debug_info</name>
         <load_address>0x612</load_address>
         <run_address>0x612</run_address>
         <size>0x1c1</size>
         <input_file_ref idref="fl-2"/>
      </object_component>
      <object_component id="oc-100">
         <name>.debug_info</name>
         <load_address>0x7d3</load_address>
         <run_address>0x7d3</run_address>
         <size>0xed</size>
         <input_file_ref idref="fl-2"/>
      </object_component>
      <object_component id="oc-1df">
         <name>.debug_info</name>
         <load_address>0x8c0</load_address>
         <run_address>0x8c0</run_address>
         <size>0xcc</size>
         <input_file_ref idref="fl-2"/>
      </object_component>
      <object_component id="oc-118">
         <name>.debug_info</name>
         <load_address>0x98c</load_address>
         <run_address>0x98c</run_address>
         <size>0xac</size>
         <input_file_ref idref="fl-2"/>
      </object_component>
      <object_component id="oc-1ec">
         <name>.debug_info</name>
         <load_address>0xa38</load_address>
         <run_address>0xa38</run_address>
         <size>0x204</size>
         <input_file_ref idref="fl-2"/>
      </object_component>
      <object_component id="oc-1fa">
         <name>.debug_info</name>
         <load_address>0xc3c</load_address>
         <run_address>0xc3c</run_address>
         <size>0xc2</size>
         <input_file_ref idref="fl-2"/>
      </object_component>
      <object_component id="oc-1ff">
         <name>.debug_info</name>
         <load_address>0xcfe</load_address>
         <run_address>0xcfe</run_address>
         <size>0x72</size>
         <input_file_ref idref="fl-2"/>
      </object_component>
      <object_component id="oc-204">
         <name>.debug_info</name>
         <load_address>0xd70</load_address>
         <run_address>0xd70</run_address>
         <size>0xc2</size>
         <input_file_ref idref="fl-2"/>
      </object_component>
      <object_component id="oc-110">
         <name>.debug_info</name>
         <load_address>0xe32</load_address>
         <run_address>0xe32</run_address>
         <size>0x72</size>
         <input_file_ref idref="fl-2"/>
      </object_component>
      <object_component id="oc-46">
         <name>.debug_info</name>
         <load_address>0xea4</load_address>
         <run_address>0xea4</run_address>
         <size>0x84</size>
         <input_file_ref idref="fl-2"/>
      </object_component>
      <object_component id="oc-99">
         <name>.debug_info</name>
         <load_address>0xf28</load_address>
         <run_address>0xf28</run_address>
         <size>0xa1</size>
         <input_file_ref idref="fl-2"/>
      </object_component>
      <object_component id="oc-3f">
         <name>.debug_info</name>
         <load_address>0xfc9</load_address>
         <run_address>0xfc9</run_address>
         <size>0x30a</size>
         <input_file_ref idref="fl-3"/>
      </object_component>
      <object_component id="oc-10">
         <name>.debug_info</name>
         <load_address>0x12d3</load_address>
         <run_address>0x12d3</run_address>
         <size>0xdb</size>
         <input_file_ref idref="fl-3"/>
      </object_component>
      <object_component id="oc-2d">
         <name>.debug_info</name>
         <load_address>0x13ae</load_address>
         <run_address>0x13ae</run_address>
         <size>0x257</size>
         <input_file_ref idref="fl-3"/>
      </object_component>
      <object_component id="oc-ac">
         <name>.debug_info</name>
         <load_address>0x1605</load_address>
         <run_address>0x1605</run_address>
         <size>0x18b</size>
         <input_file_ref idref="fl-3"/>
      </object_component>
      <object_component id="oc-192">
         <name>.debug_info</name>
         <load_address>0x1790</load_address>
         <run_address>0x1790</run_address>
         <size>0x6e9</size>
         <input_file_ref idref="fl-4"/>
      </object_component>
      <object_component id="oc-1c2">
         <name>.debug_info</name>
         <load_address>0x1e79</load_address>
         <run_address>0x1e79</run_address>
         <size>0x249</size>
         <input_file_ref idref="fl-4"/>
      </object_component>
      <object_component id="oc-1bb">
         <name>.debug_info</name>
         <load_address>0x20c2</load_address>
         <run_address>0x20c2</run_address>
         <size>0xd2</size>
         <input_file_ref idref="fl-4"/>
      </object_component>
      <object_component id="oc-1be">
         <name>.debug_info</name>
         <load_address>0x2194</load_address>
         <run_address>0x2194</run_address>
         <size>0xd0</size>
         <input_file_ref idref="fl-4"/>
      </object_component>
      <object_component id="oc-1a9">
         <name>.debug_info</name>
         <load_address>0x2264</load_address>
         <run_address>0x2264</run_address>
         <size>0xcc</size>
         <input_file_ref idref="fl-4"/>
      </object_component>
      <object_component id="oc-1ac">
         <name>.debug_info</name>
         <load_address>0x2330</load_address>
         <run_address>0x2330</run_address>
         <size>0xce</size>
         <input_file_ref idref="fl-4"/>
      </object_component>
      <object_component id="oc-1af">
         <name>.debug_info</name>
         <load_address>0x23fe</load_address>
         <run_address>0x23fe</run_address>
         <size>0xc2</size>
         <input_file_ref idref="fl-4"/>
      </object_component>
      <object_component id="oc-1b2">
         <name>.debug_info</name>
         <load_address>0x24c0</load_address>
         <run_address>0x24c0</run_address>
         <size>0xc2</size>
         <input_file_ref idref="fl-4"/>
      </object_component>
      <object_component id="oc-1b5">
         <name>.debug_info</name>
         <load_address>0x2582</load_address>
         <run_address>0x2582</run_address>
         <size>0xd0</size>
         <input_file_ref idref="fl-4"/>
      </object_component>
      <object_component id="oc-1b8">
         <name>.debug_info</name>
         <load_address>0x2652</load_address>
         <run_address>0x2652</run_address>
         <size>0xdc</size>
         <input_file_ref idref="fl-4"/>
      </object_component>
      <object_component id="oc-1a6">
         <name>.debug_info</name>
         <load_address>0x272e</load_address>
         <run_address>0x272e</run_address>
         <size>0xce</size>
         <input_file_ref idref="fl-4"/>
      </object_component>
      <object_component id="oc-136">
         <name>.debug_info</name>
         <load_address>0x27fc</load_address>
         <run_address>0x27fc</run_address>
         <size>0xec0</size>
         <input_file_ref idref="fl-4"/>
      </object_component>
      <object_component id="oc-1d6">
         <name>.debug_info</name>
         <load_address>0x36bc</load_address>
         <run_address>0x36bc</run_address>
         <size>0x345</size>
         <input_file_ref idref="fl-5"/>
      </object_component>
      <object_component id="oc-169">
         <name>.debug_info</name>
         <load_address>0x3a01</load_address>
         <run_address>0x3a01</run_address>
         <size>0x9f6</size>
         <input_file_ref idref="fl-5"/>
      </object_component>
      <object_component id="oc-1eb">
         <name>.debug_info</name>
         <load_address>0x43f7</load_address>
         <run_address>0x43f7</run_address>
         <size>0x2f2</size>
         <input_file_ref idref="fl-6"/>
      </object_component>
      <object_component id="oc-176">
         <name>.debug_info</name>
         <load_address>0x46e9</load_address>
         <run_address>0x46e9</run_address>
         <size>0x23b</size>
         <input_file_ref idref="fl-6"/>
      </object_component>
      <object_component id="oc-1de">
         <name>.debug_info</name>
         <load_address>0x4924</load_address>
         <run_address>0x4924</run_address>
         <size>0x38d</size>
         <input_file_ref idref="fl-7"/>
      </object_component>
      <object_component id="oc-1d8">
         <name>.debug_info</name>
         <load_address>0x4cb1</load_address>
         <run_address>0x4cb1</run_address>
         <size>0xc7</size>
         <input_file_ref idref="fl-7"/>
      </object_component>
      <object_component id="oc-1db">
         <name>.debug_info</name>
         <load_address>0x4d78</load_address>
         <run_address>0x4d78</run_address>
         <size>0xc7</size>
         <input_file_ref idref="fl-7"/>
      </object_component>
      <object_component id="oc-16f">
         <name>.debug_info</name>
         <load_address>0x4e3f</load_address>
         <run_address>0x4e3f</run_address>
         <size>0x3a5</size>
         <input_file_ref idref="fl-7"/>
      </object_component>
      <object_component id="oc-1f6">
         <name>.debug_info</name>
         <load_address>0x51e4</load_address>
         <run_address>0x51e4</run_address>
         <size>0x2b4</size>
         <input_file_ref idref="fl-8"/>
      </object_component>
      <object_component id="oc-186">
         <name>.debug_info</name>
         <load_address>0x5498</load_address>
         <run_address>0x5498</run_address>
         <size>0x23e</size>
         <input_file_ref idref="fl-8"/>
      </object_component>
      <object_component id="oc-1f2">
         <name>.debug_info</name>
         <load_address>0x56d6</load_address>
         <run_address>0x56d6</run_address>
         <size>0x301</size>
         <input_file_ref idref="fl-9"/>
      </object_component>
      <object_component id="oc-17d">
         <name>.debug_info</name>
         <load_address>0x59d7</load_address>
         <run_address>0x59d7</run_address>
         <size>0x2ea</size>
         <input_file_ref idref="fl-9"/>
      </object_component>
      <object_component id="oc-1f4">
         <name>.debug_info</name>
         <load_address>0x5cc1</load_address>
         <run_address>0x5cc1</run_address>
         <size>0x353</size>
         <input_file_ref idref="fl-a"/>
      </object_component>
      <object_component id="oc-180">
         <name>.debug_info</name>
         <load_address>0x6014</load_address>
         <run_address>0x6014</run_address>
         <size>0x3ac</size>
         <input_file_ref idref="fl-a"/>
      </object_component>
      <object_component id="oc-22b">
         <name>.debug_info</name>
         <load_address>0x63c0</load_address>
         <run_address>0x63c0</run_address>
         <size>0x294</size>
         <input_file_ref idref="fl-b"/>
      </object_component>
      <object_component id="oc-1e6">
         <name>.debug_info</name>
         <load_address>0x6654</load_address>
         <run_address>0x6654</run_address>
         <size>0x221</size>
         <input_file_ref idref="fl-b"/>
      </object_component>
      <object_component id="oc-a4">
         <name>.debug_info</name>
         <load_address>0x6875</load_address>
         <run_address>0x6875</run_address>
         <size>0x4b7</size>
         <input_file_ref idref="fl-c"/>
      </object_component>
      <object_component id="oc-105">
         <name>.debug_info</name>
         <load_address>0x6d2c</load_address>
         <run_address>0x6d2c</run_address>
         <size>0x256</size>
         <input_file_ref idref="fl-d"/>
      </object_component>
      <object_component id="oc-fd">
         <name>.debug_info</name>
         <load_address>0x6f82</load_address>
         <run_address>0x6f82</run_address>
         <size>0xcc</size>
         <input_file_ref idref="fl-d"/>
      </object_component>
      <object_component id="oc-fa">
         <name>.debug_info</name>
         <load_address>0x704e</load_address>
         <run_address>0x704e</run_address>
         <size>0xdc</size>
         <input_file_ref idref="fl-d"/>
      </object_component>
      <object_component id="oc-88">
         <name>.debug_info</name>
         <load_address>0x712a</load_address>
         <run_address>0x712a</run_address>
         <size>0x716</size>
         <input_file_ref idref="fl-d"/>
      </object_component>
      <object_component id="oc-a9">
         <name>.debug_info</name>
         <load_address>0x7840</load_address>
         <run_address>0x7840</run_address>
         <size>0x29d</size>
         <input_file_ref idref="fl-e"/>
      </object_component>
      <object_component id="oc-a0">
         <name>.debug_info</name>
         <load_address>0x7add</load_address>
         <run_address>0x7add</run_address>
         <size>0xd5</size>
         <input_file_ref idref="fl-e"/>
      </object_component>
      <object_component id="oc-3a">
         <name>.debug_info</name>
         <load_address>0x7bb2</load_address>
         <run_address>0x7bb2</run_address>
         <size>0x103a</size>
         <input_file_ref idref="fl-e"/>
      </object_component>
      <object_component id="oc-18c">
         <name>.debug_info</name>
         <load_address>0x8bec</load_address>
         <run_address>0x8bec</run_address>
         <size>0x208</size>
         <input_file_ref idref="fl-f"/>
      </object_component>
      <object_component id="oc-9e">
         <name>.debug_info</name>
         <load_address>0x8df4</load_address>
         <run_address>0x8df4</run_address>
         <size>0x2f4</size>
         <input_file_ref idref="fl-10"/>
      </object_component>
      <object_component id="oc-93">
         <name>.debug_info</name>
         <load_address>0x90e8</load_address>
         <run_address>0x90e8</run_address>
         <size>0xc8</size>
         <input_file_ref idref="fl-10"/>
      </object_component>
      <object_component id="oc-8d">
         <name>.debug_info</name>
         <load_address>0x91b0</load_address>
         <run_address>0x91b0</run_address>
         <size>0xcc</size>
         <input_file_ref idref="fl-10"/>
      </object_component>
      <object_component id="oc-96">
         <name>.debug_info</name>
         <load_address>0x927c</load_address>
         <run_address>0x927c</run_address>
         <size>0xd2</size>
         <input_file_ref idref="fl-10"/>
      </object_component>
      <object_component id="oc-90">
         <name>.debug_info</name>
         <load_address>0x934e</load_address>
         <run_address>0x934e</run_address>
         <size>0xcd</size>
         <input_file_ref idref="fl-10"/>
      </object_component>
      <object_component id="oc-33">
         <name>.debug_info</name>
         <load_address>0x941b</load_address>
         <run_address>0x941b</run_address>
         <size>0x3d2</size>
         <input_file_ref idref="fl-10"/>
      </object_component>
      <object_component id="oc-27">
         <name>.debug_info</name>
         <load_address>0x97ed</load_address>
         <run_address>0x97ed</run_address>
         <size>0x160</size>
         <input_file_ref idref="fl-ca"/>
      </object_component>
      <object_component id="oc-b6">
         <name>.debug_info</name>
         <load_address>0x994d</load_address>
         <run_address>0x994d</run_address>
         <size>0x293</size>
         <input_file_ref idref="fl-cb"/>
      </object_component>
      <object_component id="oc-14">
         <name>.debug_info</name>
         <load_address>0x9be0</load_address>
         <run_address>0x9be0</run_address>
         <size>0x245</size>
         <input_file_ref idref="fl-cb"/>
      </object_component>
      <object_component id="oc-41">
         <name>.debug_info</name>
         <load_address>0x9e25</load_address>
         <run_address>0x9e25</run_address>
         <size>0x60</size>
         <input_file_ref idref="fl-cb"/>
      </object_component>
      <object_component id="oc-b1">
         <name>.debug_info</name>
         <load_address>0x9e85</load_address>
         <run_address>0x9e85</run_address>
         <size>0x46</size>
         <input_file_ref idref="fl-cb"/>
      </object_component>
      <object_component id="oc-56">
         <name>.debug_info</name>
         <load_address>0x9ecb</load_address>
         <run_address>0x9ecb</run_address>
         <size>0x2da</size>
         <input_file_ref idref="fl-cc"/>
      </object_component>
      <object_component id="oc-1c">
         <name>.debug_info</name>
         <load_address>0xa1a5</load_address>
         <run_address>0xa1a5</run_address>
         <size>0x1df</size>
         <input_file_ref idref="fl-cc"/>
      </object_component>
      <object_component id="oc-51">
         <name>.debug_info</name>
         <load_address>0xa384</load_address>
         <run_address>0xa384</run_address>
         <size>0x46</size>
         <input_file_ref idref="fl-cc"/>
      </object_component>
      <object_component id="oc-b8">
         <name>.debug_info</name>
         <load_address>0xa3ca</load_address>
         <run_address>0xa3ca</run_address>
         <size>0x2c</size>
         <input_file_ref idref="fl-cc"/>
      </object_component>
      <object_component id="oc-62">
         <name>.debug_info</name>
         <load_address>0xa3f6</load_address>
         <run_address>0xa3f6</run_address>
         <size>0x2c9</size>
         <input_file_ref idref="fl-cd"/>
      </object_component>
      <object_component id="oc-22">
         <name>.debug_info</name>
         <load_address>0xa6bf</load_address>
         <run_address>0xa6bf</run_address>
         <size>0x1aa</size>
         <input_file_ref idref="fl-cd"/>
      </object_component>
      <object_component id="oc-5d">
         <name>.debug_info</name>
         <load_address>0xa869</load_address>
         <run_address>0xa869</run_address>
         <size>0x46</size>
         <input_file_ref idref="fl-cd"/>
      </object_component>
      <object_component id="oc-c0">
         <name>.debug_info</name>
         <load_address>0xa8af</load_address>
         <run_address>0xa8af</run_address>
         <size>0x2c</size>
         <input_file_ref idref="fl-cd"/>
      </object_component>
      <object_component id="oc-e6">
         <name>.debug_info</name>
         <load_address>0xa8db</load_address>
         <run_address>0xa8db</run_address>
         <size>0x3ce</size>
         <input_file_ref idref="fl-ce"/>
      </object_component>
      <object_component id="oc-e0">
         <name>.debug_info</name>
         <load_address>0xaca9</load_address>
         <run_address>0xaca9</run_address>
         <size>0x185</size>
         <input_file_ref idref="fl-ce"/>
      </object_component>
      <object_component id="oc-7d">
         <name>.debug_info</name>
         <load_address>0xae2e</load_address>
         <run_address>0xae2e</run_address>
         <size>0x214</size>
         <input_file_ref idref="fl-ce"/>
      </object_component>
      <object_component id="oc-1a1">
         <name>.debug_info</name>
         <load_address>0xb042</load_address>
         <run_address>0xb042</run_address>
         <size>0x144</size>
         <input_file_ref idref="fl-cf"/>
      </object_component>
      <object_component id="oc-f0">
         <name>.debug_info</name>
         <load_address>0xb186</load_address>
         <run_address>0xb186</run_address>
         <size>0x132</size>
         <input_file_ref idref="fl-d0"/>
      </object_component>
      <object_component id="oc-19e">
         <name>.debug_info</name>
         <load_address>0xb2b8</load_address>
         <run_address>0xb2b8</run_address>
         <size>0x132</size>
         <input_file_ref idref="fl-d1"/>
      </object_component>
      <object_component id="oc-f6">
         <name>.debug_info</name>
         <load_address>0xb3ea</load_address>
         <run_address>0xb3ea</run_address>
         <size>0x131</size>
         <input_file_ref idref="fl-d2"/>
      </object_component>
      <object_component id="oc-ec">
         <name>.debug_info</name>
         <load_address>0xb51b</load_address>
         <run_address>0xb51b</run_address>
         <size>0x124</size>
         <input_file_ref idref="fl-d3"/>
      </object_component>
      <object_component id="oc-221">
         <name>.debug_info</name>
         <load_address>0xb63f</load_address>
         <run_address>0xb63f</run_address>
         <size>0x2e6</size>
         <input_file_ref idref="fl-d4"/>
      </object_component>
      <object_component id="oc-1d2">
         <name>.debug_info</name>
         <load_address>0xb925</load_address>
         <run_address>0xb925</run_address>
         <size>0x1c2</size>
         <input_file_ref idref="fl-d4"/>
      </object_component>
      <object_component id="oc-4e">
         <name>.debug_info</name>
         <load_address>0xbae7</load_address>
         <run_address>0xbae7</run_address>
         <size>0x111</size>
         <input_file_ref idref="fl-d5"/>
      </object_component>
      <object_component id="oc-5a">
         <name>.debug_info</name>
         <load_address>0xbbf8</load_address>
         <run_address>0xbbf8</run_address>
         <size>0x13f</size>
         <input_file_ref idref="fl-d6"/>
      </object_component>
      <object_component id="oc-66">
         <name>.debug_info</name>
         <load_address>0xbd37</load_address>
         <run_address>0xbd37</run_address>
         <size>0x138</size>
         <input_file_ref idref="fl-d7"/>
      </object_component>
      <object_component id="oc-6c">
         <name>.debug_info</name>
         <load_address>0xbe6f</load_address>
         <run_address>0xbe6f</run_address>
         <size>0x148</size>
         <input_file_ref idref="fl-d8"/>
      </object_component>
      <object_component id="oc-82">
         <name>.debug_info</name>
         <load_address>0xbfb7</load_address>
         <run_address>0xbfb7</run_address>
         <size>0x109</size>
         <input_file_ref idref="fl-d9"/>
      </object_component>
      <object_component id="oc-197">
         <name>.debug_info</name>
         <load_address>0xc0c0</load_address>
         <run_address>0xc0c0</run_address>
         <size>0x126</size>
         <input_file_ref idref="fl-da"/>
      </object_component>
      <object_component id="oc-14d">
         <name>.debug_info</name>
         <load_address>0xc1e6</load_address>
         <run_address>0xc1e6</run_address>
         <size>0x2be</size>
         <input_file_ref idref="fl-db"/>
      </object_component>
      <object_component id="oc-e3">
         <name>.debug_info</name>
         <load_address>0xc4a4</load_address>
         <run_address>0xc4a4</run_address>
         <size>0x113</size>
         <input_file_ref idref="fl-db"/>
      </object_component>
      <object_component id="oc-149">
         <name>.debug_info</name>
         <load_address>0xc5b7</load_address>
         <run_address>0xc5b7</run_address>
         <size>0x21f</size>
         <input_file_ref idref="fl-db"/>
      </object_component>
      <object_component id="oc-de">
         <name>.debug_info</name>
         <load_address>0xc7d6</load_address>
         <run_address>0xc7d6</run_address>
         <size>0x300</size>
         <input_file_ref idref="fl-dc"/>
      </object_component>
      <object_component id="oc-76">
         <name>.debug_info</name>
         <load_address>0xcad6</load_address>
         <run_address>0xcad6</run_address>
         <size>0x167</size>
         <input_file_ref idref="fl-dc"/>
      </object_component>
      <object_component id="oc-13e">
         <name>.debug_info</name>
         <load_address>0xcc3d</load_address>
         <run_address>0xcc3d</run_address>
         <size>0x5e</size>
         <input_file_ref idref="fl-dc"/>
      </object_component>
      <object_component id="oc-d6">
         <name>.debug_info</name>
         <load_address>0xcc9b</load_address>
         <run_address>0xcc9b</run_address>
         <size>0x483</size>
         <input_file_ref idref="fl-dd"/>
      </object_component>
      <object_component id="oc-70">
         <name>.debug_info</name>
         <load_address>0xd11e</load_address>
         <run_address>0xd11e</run_address>
         <size>0x190</size>
         <input_file_ref idref="fl-dd"/>
      </object_component>
      <object_component id="oc-12b">
         <name>.debug_info</name>
         <load_address>0xd2ae</load_address>
         <run_address>0xd2ae</run_address>
         <size>0x39</size>
         <input_file_ref idref="fl-dd"/>
      </object_component>
      <object_component id="oc-162">
         <name>.debug_info</name>
         <load_address>0xd2e7</load_address>
         <run_address>0xd2e7</run_address>
         <size>0x39</size>
         <input_file_ref idref="fl-dd"/>
      </object_component>
      <object_component id="oc-130">
         <name>.debug_info</name>
         <load_address>0xd320</load_address>
         <run_address>0xd320</run_address>
         <size>0xcd</size>
         <input_file_ref idref="fl-dd"/>
      </object_component>
      <object_component id="oc-127">
         <name>.debug_info</name>
         <load_address>0xd3ed</load_address>
         <run_address>0xd3ed</run_address>
         <size>0x37a</size>
         <input_file_ref idref="fl-de"/>
      </object_component>
      <object_component id="oc-ca">
         <name>.debug_info</name>
         <load_address>0xd767</load_address>
         <run_address>0xd767</run_address>
         <size>0x183</size>
         <input_file_ref idref="fl-de"/>
      </object_component>
      <object_component id="oc-15d">
         <name>.debug_info</name>
         <load_address>0xd8ea</load_address>
         <run_address>0xd8ea</run_address>
         <size>0x2c</size>
         <input_file_ref idref="fl-de"/>
      </object_component>
      <object_component id="oc-d2">
         <name>.debug_info</name>
         <load_address>0xd916</load_address>
         <run_address>0xd916</run_address>
         <size>0x145</size>
         <input_file_ref idref="fl-df"/>
      </object_component>
      <object_component id="oc-25c">
         <name>.debug_info</name>
         <load_address>0xda5b</load_address>
         <run_address>0xda5b</run_address>
         <size>0x91</size>
      </object_component>
      <object_component id="oc-1ce">
         <name>.debug_line</name>
         <load_address>0x0</load_address>
         <run_address>0x0</run_address>
         <size>0x63</size>
         <input_file_ref idref="fl-2"/>
      </object_component>
      <object_component id="oc-db">
         <name>.debug_line</name>
         <load_address>0x63</load_address>
         <run_address>0x63</run_address>
         <size>0x4a</size>
         <input_file_ref idref="fl-2"/>
      </object_component>
      <object_component id="oc-1c8">
         <name>.debug_line</name>
         <load_address>0xad</load_address>
         <run_address>0xad</run_address>
         <size>0x49</size>
         <input_file_ref idref="fl-2"/>
      </object_component>
      <object_component id="oc-122">
         <name>.debug_line</name>
         <load_address>0xf6</load_address>
         <run_address>0xf6</run_address>
         <size>0x48</size>
         <input_file_ref idref="fl-2"/>
      </object_component>
      <object_component id="oc-103">
         <name>.debug_line</name>
         <load_address>0x13e</load_address>
         <run_address>0x13e</run_address>
         <size>0x4c</size>
         <input_file_ref idref="fl-2"/>
      </object_component>
      <object_component id="oc-1e2">
         <name>.debug_line</name>
         <load_address>0x18a</load_address>
         <run_address>0x18a</run_address>
         <size>0x47</size>
         <input_file_ref idref="fl-2"/>
      </object_component>
      <object_component id="oc-11b">
         <name>.debug_line</name>
         <load_address>0x1d1</load_address>
         <run_address>0x1d1</run_address>
         <size>0x46</size>
         <input_file_ref idref="fl-2"/>
      </object_component>
      <object_component id="oc-1ef">
         <name>.debug_line</name>
         <load_address>0x217</load_address>
         <run_address>0x217</run_address>
         <size>0x52</size>
         <input_file_ref idref="fl-2"/>
      </object_component>
      <object_component id="oc-1fd">
         <name>.debug_line</name>
         <load_address>0x269</load_address>
         <run_address>0x269</run_address>
         <size>0x4a</size>
         <input_file_ref idref="fl-2"/>
      </object_component>
      <object_component id="oc-202">
         <name>.debug_line</name>
         <load_address>0x2b3</load_address>
         <run_address>0x2b3</run_address>
         <size>0x58</size>
         <input_file_ref idref="fl-2"/>
      </object_component>
      <object_component id="oc-207">
         <name>.debug_line</name>
         <load_address>0x30b</load_address>
         <run_address>0x30b</run_address>
         <size>0x59</size>
         <input_file_ref idref="fl-2"/>
      </object_component>
      <object_component id="oc-113">
         <name>.debug_line</name>
         <load_address>0x364</load_address>
         <run_address>0x364</run_address>
         <size>0x4b</size>
         <input_file_ref idref="fl-2"/>
      </object_component>
      <object_component id="oc-49">
         <name>.debug_line</name>
         <load_address>0x3af</load_address>
         <run_address>0x3af</run_address>
         <size>0x20</size>
         <input_file_ref idref="fl-2"/>
      </object_component>
      <object_component id="oc-9c">
         <name>.debug_line</name>
         <load_address>0x3cf</load_address>
         <run_address>0x3cf</run_address>
         <size>0x45</size>
         <input_file_ref idref="fl-2"/>
      </object_component>
      <object_component id="oc-ab">
         <name>.debug_line</name>
         <load_address>0x414</load_address>
         <run_address>0x414</run_address>
         <size>0x41</size>
         <input_file_ref idref="fl-3"/>
      </object_component>
      <object_component id="oc-3e">
         <name>.debug_line</name>
         <load_address>0x455</load_address>
         <run_address>0x455</run_address>
         <size>0x41</size>
         <input_file_ref idref="fl-3"/>
      </object_component>
      <object_component id="oc-30">
         <name>.debug_line</name>
         <load_address>0x496</load_address>
         <run_address>0x496</run_address>
         <size>0xa1</size>
         <input_file_ref idref="fl-3"/>
      </object_component>
      <object_component id="oc-af">
         <name>.debug_line</name>
         <load_address>0x537</load_address>
         <run_address>0x537</run_address>
         <size>0x65</size>
         <input_file_ref idref="fl-3"/>
      </object_component>
      <object_component id="oc-1f9">
         <name>.debug_line</name>
         <load_address>0x59c</load_address>
         <run_address>0x59c</run_address>
         <size>0x19c</size>
         <input_file_ref idref="fl-4"/>
      </object_component>
      <object_component id="oc-21f">
         <name>.debug_line</name>
         <load_address>0x738</load_address>
         <run_address>0x738</run_address>
         <size>0x38</size>
         <input_file_ref idref="fl-4"/>
      </object_component>
      <object_component id="oc-21b">
         <name>.debug_line</name>
         <load_address>0x770</load_address>
         <run_address>0x770</run_address>
         <size>0x38</size>
         <input_file_ref idref="fl-4"/>
      </object_component>
      <object_component id="oc-21d">
         <name>.debug_line</name>
         <load_address>0x7a8</load_address>
         <run_address>0x7a8</run_address>
         <size>0x38</size>
         <input_file_ref idref="fl-4"/>
      </object_component>
      <object_component id="oc-20f">
         <name>.debug_line</name>
         <load_address>0x7e0</load_address>
         <run_address>0x7e0</run_address>
         <size>0x38</size>
         <input_file_ref idref="fl-4"/>
      </object_component>
      <object_component id="oc-211">
         <name>.debug_line</name>
         <load_address>0x818</load_address>
         <run_address>0x818</run_address>
         <size>0x38</size>
         <input_file_ref idref="fl-4"/>
      </object_component>
      <object_component id="oc-213">
         <name>.debug_line</name>
         <load_address>0x850</load_address>
         <run_address>0x850</run_address>
         <size>0x38</size>
         <input_file_ref idref="fl-4"/>
      </object_component>
      <object_component id="oc-215">
         <name>.debug_line</name>
         <load_address>0x888</load_address>
         <run_address>0x888</run_address>
         <size>0x38</size>
         <input_file_ref idref="fl-4"/>
      </object_component>
      <object_component id="oc-217">
         <name>.debug_line</name>
         <load_address>0x8c0</load_address>
         <run_address>0x8c0</run_address>
         <size>0x38</size>
         <input_file_ref idref="fl-4"/>
      </object_component>
      <object_component id="oc-219">
         <name>.debug_line</name>
         <load_address>0x8f8</load_address>
         <run_address>0x8f8</run_address>
         <size>0x38</size>
         <input_file_ref idref="fl-4"/>
      </object_component>
      <object_component id="oc-20d">
         <name>.debug_line</name>
         <load_address>0x930</load_address>
         <run_address>0x930</run_address>
         <size>0x38</size>
         <input_file_ref idref="fl-4"/>
      </object_component>
      <object_component id="oc-139">
         <name>.debug_line</name>
         <load_address>0x968</load_address>
         <run_address>0x968</run_address>
         <size>0x285</size>
         <input_file_ref idref="fl-4"/>
      </object_component>
      <object_component id="oc-223">
         <name>.debug_line</name>
         <load_address>0xbed</load_address>
         <run_address>0xbed</run_address>
         <size>0xb7</size>
         <input_file_ref idref="fl-5"/>
      </object_component>
      <object_component id="oc-168">
         <name>.debug_line</name>
         <load_address>0xca4</load_address>
         <run_address>0xca4</run_address>
         <size>0x185</size>
         <input_file_ref idref="fl-5"/>
      </object_component>
      <object_component id="oc-22d">
         <name>.debug_line</name>
         <load_address>0xe29</load_address>
         <run_address>0xe29</run_address>
         <size>0x43</size>
         <input_file_ref idref="fl-6"/>
      </object_component>
      <object_component id="oc-174">
         <name>.debug_line</name>
         <load_address>0xe6c</load_address>
         <run_address>0xe6c</run_address>
         <size>0x78</size>
         <input_file_ref idref="fl-6"/>
      </object_component>
      <object_component id="oc-229">
         <name>.debug_line</name>
         <load_address>0xee4</load_address>
         <run_address>0xee4</run_address>
         <size>0x70</size>
         <input_file_ref idref="fl-7"/>
      </object_component>
      <object_component id="oc-225">
         <name>.debug_line</name>
         <load_address>0xf54</load_address>
         <run_address>0xf54</run_address>
         <size>0x38</size>
         <input_file_ref idref="fl-7"/>
      </object_component>
      <object_component id="oc-227">
         <name>.debug_line</name>
         <load_address>0xf8c</load_address>
         <run_address>0xf8c</run_address>
         <size>0x38</size>
         <input_file_ref idref="fl-7"/>
      </object_component>
      <object_component id="oc-172">
         <name>.debug_line</name>
         <load_address>0xfc4</load_address>
         <run_address>0xfc4</run_address>
         <size>0x88</size>
         <input_file_ref idref="fl-7"/>
      </object_component>
      <object_component id="oc-233">
         <name>.debug_line</name>
         <load_address>0x104c</load_address>
         <run_address>0x104c</run_address>
         <size>0x48</size>
         <input_file_ref idref="fl-8"/>
      </object_component>
      <object_component id="oc-189">
         <name>.debug_line</name>
         <load_address>0x1094</load_address>
         <run_address>0x1094</run_address>
         <size>0x96</size>
         <input_file_ref idref="fl-8"/>
      </object_component>
      <object_component id="oc-22f">
         <name>.debug_line</name>
         <load_address>0x112a</load_address>
         <run_address>0x112a</run_address>
         <size>0x4b</size>
         <input_file_ref idref="fl-9"/>
      </object_component>
      <object_component id="oc-17c">
         <name>.debug_line</name>
         <load_address>0x1175</load_address>
         <run_address>0x1175</run_address>
         <size>0x8d</size>
         <input_file_ref idref="fl-9"/>
      </object_component>
      <object_component id="oc-231">
         <name>.debug_line</name>
         <load_address>0x1202</load_address>
         <run_address>0x1202</run_address>
         <size>0x80</size>
         <input_file_ref idref="fl-a"/>
      </object_component>
      <object_component id="oc-183">
         <name>.debug_line</name>
         <load_address>0x1282</load_address>
         <run_address>0x1282</run_address>
         <size>0xab</size>
         <input_file_ref idref="fl-a"/>
      </object_component>
      <object_component id="oc-237">
         <name>.debug_line</name>
         <load_address>0x132d</load_address>
         <run_address>0x132d</run_address>
         <size>0x46</size>
         <input_file_ref idref="fl-b"/>
      </object_component>
      <object_component id="oc-1e9">
         <name>.debug_line</name>
         <load_address>0x1373</load_address>
         <run_address>0x1373</run_address>
         <size>0x19f</size>
         <input_file_ref idref="fl-b"/>
      </object_component>
      <object_component id="oc-a7">
         <name>.debug_line</name>
         <load_address>0x1512</load_address>
         <run_address>0x1512</run_address>
         <size>0x4f7</size>
         <input_file_ref idref="fl-c"/>
      </object_component>
      <object_component id="oc-15a">
         <name>.debug_line</name>
         <load_address>0x1a09</load_address>
         <run_address>0x1a09</run_address>
         <size>0x20</size>
         <input_file_ref idref="fl-d"/>
      </object_component>
      <object_component id="oc-157">
         <name>.debug_line</name>
         <load_address>0x1a29</load_address>
         <run_address>0x1a29</run_address>
         <size>0x3d</size>
         <input_file_ref idref="fl-d"/>
      </object_component>
      <object_component id="oc-155">
         <name>.debug_line</name>
         <load_address>0x1a66</load_address>
         <run_address>0x1a66</run_address>
         <size>0x3d</size>
         <input_file_ref idref="fl-d"/>
      </object_component>
      <object_component id="oc-8a">
         <name>.debug_line</name>
         <load_address>0x1aa3</load_address>
         <run_address>0x1aa3</run_address>
         <size>0x17a</size>
         <input_file_ref idref="fl-d"/>
      </object_component>
      <object_component id="oc-11e">
         <name>.debug_line</name>
         <load_address>0x1c1d</load_address>
         <run_address>0x1c1d</run_address>
         <size>0x48</size>
         <input_file_ref idref="fl-e"/>
      </object_component>
      <object_component id="oc-116">
         <name>.debug_line</name>
         <load_address>0x1c65</load_address>
         <run_address>0x1c65</run_address>
         <size>0x39</size>
         <input_file_ref idref="fl-e"/>
      </object_component>
      <object_component id="oc-39">
         <name>.debug_line</name>
         <load_address>0x1c9e</load_address>
         <run_address>0x1c9e</run_address>
         <size>0x994</size>
         <input_file_ref idref="fl-e"/>
      </object_component>
      <object_component id="oc-18f">
         <name>.debug_line</name>
         <load_address>0x2632</load_address>
         <run_address>0x2632</run_address>
         <size>0x98</size>
         <input_file_ref idref="fl-f"/>
      </object_component>
      <object_component id="oc-10f">
         <name>.debug_line</name>
         <load_address>0x26ca</load_address>
         <run_address>0x26ca</run_address>
         <size>0x57</size>
         <input_file_ref idref="fl-10"/>
      </object_component>
      <object_component id="oc-10b">
         <name>.debug_line</name>
         <load_address>0x2721</load_address>
         <run_address>0x2721</run_address>
         <size>0x3c</size>
         <input_file_ref idref="fl-10"/>
      </object_component>
      <object_component id="oc-107">
         <name>.debug_line</name>
         <load_address>0x275d</load_address>
         <run_address>0x275d</run_address>
         <size>0x3c</size>
         <input_file_ref idref="fl-10"/>
      </object_component>
      <object_component id="oc-10d">
         <name>.debug_line</name>
         <load_address>0x2799</load_address>
         <run_address>0x2799</run_address>
         <size>0x3c</size>
         <input_file_ref idref="fl-10"/>
      </object_component>
      <object_component id="oc-109">
         <name>.debug_line</name>
         <load_address>0x27d5</load_address>
         <run_address>0x27d5</run_address>
         <size>0x3c</size>
         <input_file_ref idref="fl-10"/>
      </object_component>
      <object_component id="oc-32">
         <name>.debug_line</name>
         <load_address>0x2811</load_address>
         <run_address>0x2811</run_address>
         <size>0xd5</size>
         <input_file_ref idref="fl-10"/>
      </object_component>
      <object_component id="oc-25">
         <name>.debug_line</name>
         <load_address>0x28e6</load_address>
         <run_address>0x28e6</run_address>
         <size>0x53</size>
         <input_file_ref idref="fl-ca"/>
      </object_component>
      <object_component id="oc-125">
         <name>.debug_line</name>
         <load_address>0x2939</load_address>
         <run_address>0x2939</run_address>
         <size>0x20</size>
         <input_file_ref idref="fl-cb"/>
      </object_component>
      <object_component id="oc-13">
         <name>.debug_line</name>
         <load_address>0x2959</load_address>
         <run_address>0x2959</run_address>
         <size>0xa9</size>
         <input_file_ref idref="fl-cb"/>
      </object_component>
      <object_component id="oc-44">
         <name>.debug_line</name>
         <load_address>0x2a02</load_address>
         <run_address>0x2a02</run_address>
         <size>0x3a</size>
         <input_file_ref idref="fl-cb"/>
      </object_component>
      <object_component id="oc-b4">
         <name>.debug_line</name>
         <load_address>0x2a3c</load_address>
         <run_address>0x2a3c</run_address>
         <size>0x8a</size>
         <input_file_ref idref="fl-cb"/>
      </object_component>
      <object_component id="oc-be">
         <name>.debug_line</name>
         <load_address>0x2ac6</load_address>
         <run_address>0x2ac6</run_address>
         <size>0x8a</size>
         <input_file_ref idref="fl-cc"/>
      </object_component>
      <object_component id="oc-1b">
         <name>.debug_line</name>
         <load_address>0x2b50</load_address>
         <run_address>0x2b50</run_address>
         <size>0x55</size>
         <input_file_ref idref="fl-cc"/>
      </object_component>
      <object_component id="oc-54">
         <name>.debug_line</name>
         <load_address>0x2ba5</load_address>
         <run_address>0x2ba5</run_address>
         <size>0x3a</size>
         <input_file_ref idref="fl-cc"/>
      </object_component>
      <object_component id="oc-bb">
         <name>.debug_line</name>
         <load_address>0x2bdf</load_address>
         <run_address>0x2bdf</run_address>
         <size>0x8a</size>
         <input_file_ref idref="fl-cc"/>
      </object_component>
      <object_component id="oc-c6">
         <name>.debug_line</name>
         <load_address>0x2c69</load_address>
         <run_address>0x2c69</run_address>
         <size>0x8a</size>
         <input_file_ref idref="fl-cd"/>
      </object_component>
      <object_component id="oc-21">
         <name>.debug_line</name>
         <load_address>0x2cf3</load_address>
         <run_address>0x2cf3</run_address>
         <size>0x4f</size>
         <input_file_ref idref="fl-cd"/>
      </object_component>
      <object_component id="oc-60">
         <name>.debug_line</name>
         <load_address>0x2d42</load_address>
         <run_address>0x2d42</run_address>
         <size>0x34</size>
         <input_file_ref idref="fl-cd"/>
      </object_component>
      <object_component id="oc-c3">
         <name>.debug_line</name>
         <load_address>0x2d76</load_address>
         <run_address>0x2d76</run_address>
         <size>0x8a</size>
         <input_file_ref idref="fl-cd"/>
      </object_component>
      <object_component id="oc-150">
         <name>.debug_line</name>
         <load_address>0x2e00</load_address>
         <run_address>0x2e00</run_address>
         <size>0xf2</size>
         <input_file_ref idref="fl-ce"/>
      </object_component>
      <object_component id="oc-144">
         <name>.debug_line</name>
         <load_address>0x2ef2</load_address>
         <run_address>0x2ef2</run_address>
         <size>0x2a</size>
         <input_file_ref idref="fl-ce"/>
      </object_component>
      <object_component id="oc-7f">
         <name>.debug_line</name>
         <load_address>0x2f1c</load_address>
         <run_address>0x2f1c</run_address>
         <size>0x86</size>
         <input_file_ref idref="fl-ce"/>
      </object_component>
      <object_component id="oc-1a4">
         <name>.debug_line</name>
         <load_address>0x2fa2</load_address>
         <run_address>0x2fa2</run_address>
         <size>0xd2</size>
         <input_file_ref idref="fl-cf"/>
      </object_component>
      <object_component id="oc-f3">
         <name>.debug_line</name>
         <load_address>0x3074</load_address>
         <run_address>0x3074</run_address>
         <size>0xa8</size>
         <input_file_ref idref="fl-d0"/>
      </object_component>
      <object_component id="oc-19d">
         <name>.debug_line</name>
         <load_address>0x311c</load_address>
         <run_address>0x311c</run_address>
         <size>0x8e</size>
         <input_file_ref idref="fl-d1"/>
      </object_component>
      <object_component id="oc-f8">
         <name>.debug_line</name>
         <load_address>0x31aa</load_address>
         <run_address>0x31aa</run_address>
         <size>0x59</size>
         <input_file_ref idref="fl-d2"/>
      </object_component>
      <object_component id="oc-eb">
         <name>.debug_line</name>
         <load_address>0x3203</load_address>
         <run_address>0x3203</run_address>
         <size>0x57</size>
         <input_file_ref idref="fl-d3"/>
      </object_component>
      <object_component id="oc-235">
         <name>.debug_line</name>
         <load_address>0x325a</load_address>
         <run_address>0x325a</run_address>
         <size>0x8a</size>
         <input_file_ref idref="fl-d4"/>
      </object_component>
      <object_component id="oc-1d0">
         <name>.debug_line</name>
         <load_address>0x32e4</load_address>
         <run_address>0x32e4</run_address>
         <size>0x66</size>
         <input_file_ref idref="fl-d4"/>
      </object_component>
      <object_component id="oc-4c">
         <name>.debug_line</name>
         <load_address>0x334a</load_address>
         <run_address>0x334a</run_address>
         <size>0x88</size>
         <input_file_ref idref="fl-d5"/>
      </object_component>
      <object_component id="oc-58">
         <name>.debug_line</name>
         <load_address>0x33d2</load_address>
         <run_address>0x33d2</run_address>
         <size>0x79</size>
         <input_file_ref idref="fl-d6"/>
      </object_component>
      <object_component id="oc-64">
         <name>.debug_line</name>
         <load_address>0x344b</load_address>
         <run_address>0x344b</run_address>
         <size>0x3d</size>
         <input_file_ref idref="fl-d7"/>
      </object_component>
      <object_component id="oc-6b">
         <name>.debug_line</name>
         <load_address>0x3488</load_address>
         <run_address>0x3488</run_address>
         <size>0x40</size>
         <input_file_ref idref="fl-d8"/>
      </object_component>
      <object_component id="oc-e9">
         <name>.debug_line</name>
         <load_address>0x34c8</load_address>
         <run_address>0x34c8</run_address>
         <size>0x33</size>
         <input_file_ref idref="fl-d9"/>
      </object_component>
      <object_component id="oc-19a">
         <name>.debug_line</name>
         <load_address>0x34fb</load_address>
         <run_address>0x34fb</run_address>
         <size>0x4c</size>
         <input_file_ref idref="fl-da"/>
      </object_component>
      <object_component id="oc-1cc">
         <name>.debug_line</name>
         <load_address>0x3547</load_address>
         <run_address>0x3547</run_address>
         <size>0x20</size>
         <input_file_ref idref="fl-db"/>
      </object_component>
      <object_component id="oc-14c">
         <name>.debug_line</name>
         <load_address>0x3567</load_address>
         <run_address>0x3567</run_address>
         <size>0x2b</size>
         <input_file_ref idref="fl-db"/>
      </object_component>
      <object_component id="oc-148">
         <name>.debug_line</name>
         <load_address>0x3592</load_address>
         <run_address>0x3592</run_address>
         <size>0x68</size>
         <input_file_ref idref="fl-db"/>
      </object_component>
      <object_component id="oc-13d">
         <name>.debug_line</name>
         <load_address>0x35fa</load_address>
         <run_address>0x35fa</run_address>
         <size>0x2b</size>
         <input_file_ref idref="fl-dc"/>
      </object_component>
      <object_component id="oc-79">
         <name>.debug_line</name>
         <load_address>0x3625</load_address>
         <run_address>0x3625</run_address>
         <size>0x4a</size>
         <input_file_ref idref="fl-dc"/>
      </object_component>
      <object_component id="oc-141">
         <name>.debug_line</name>
         <load_address>0x366f</load_address>
         <run_address>0x366f</run_address>
         <size>0x2b</size>
         <input_file_ref idref="fl-dc"/>
      </object_component>
      <object_component id="oc-12a">
         <name>.debug_line</name>
         <load_address>0x369a</load_address>
         <run_address>0x369a</run_address>
         <size>0xa9</size>
         <input_file_ref idref="fl-dd"/>
      </object_component>
      <object_component id="oc-74">
         <name>.debug_line</name>
         <load_address>0x3743</load_address>
         <run_address>0x3743</run_address>
         <size>0x8b</size>
         <input_file_ref idref="fl-dd"/>
      </object_component>
      <object_component id="oc-12e">
         <name>.debug_line</name>
         <load_address>0x37ce</load_address>
         <run_address>0x37ce</run_address>
         <size>0x2e</size>
         <input_file_ref idref="fl-dd"/>
      </object_component>
      <object_component id="oc-165">
         <name>.debug_line</name>
         <load_address>0x37fc</load_address>
         <run_address>0x37fc</run_address>
         <size>0x8a</size>
         <input_file_ref idref="fl-dd"/>
      </object_component>
      <object_component id="oc-133">
         <name>.debug_line</name>
         <load_address>0x3886</load_address>
         <run_address>0x3886</run_address>
         <size>0x8b</size>
         <input_file_ref idref="fl-dd"/>
      </object_component>
      <object_component id="oc-15c">
         <name>.debug_line</name>
         <load_address>0x3911</load_address>
         <run_address>0x3911</run_address>
         <size>0x98</size>
         <input_file_ref idref="fl-de"/>
      </object_component>
      <object_component id="oc-cd">
         <name>.debug_line</name>
         <load_address>0x39a9</load_address>
         <run_address>0x39a9</run_address>
         <size>0x68</size>
         <input_file_ref idref="fl-de"/>
      </object_component>
      <object_component id="oc-160">
         <name>.debug_line</name>
         <load_address>0x3a11</load_address>
         <run_address>0x3a11</run_address>
         <size>0x2e</size>
         <input_file_ref idref="fl-de"/>
      </object_component>
      <object_component id="oc-d1">
         <name>.debug_line</name>
         <load_address>0x3a3f</load_address>
         <run_address>0x3a3f</run_address>
         <size>0x3c</size>
         <input_file_ref idref="fl-df"/>
      </object_component>
      <object_component id="oc-dc">
         <name>.debug_frame</name>
         <load_address>0x0</load_address>
         <run_address>0x0</run_address>
         <size>0x58</size>
         <input_file_ref idref="fl-2"/>
      </object_component>
      <object_component id="oc-2c">
         <name>.debug_frame</name>
         <load_address>0x58</load_address>
         <run_address>0x58</run_address>
         <size>0x84</size>
         <input_file_ref idref="fl-3"/>
      </object_component>
      <object_component id="oc-13a">
         <name>.debug_frame</name>
         <load_address>0xdc</load_address>
         <run_address>0xdc</run_address>
         <size>0x1a9</size>
         <input_file_ref idref="fl-4"/>
      </object_component>
      <object_component id="oc-16c">
         <name>.debug_frame</name>
         <load_address>0x285</load_address>
         <run_address>0x285</run_address>
         <size>0x10e</size>
         <input_file_ref idref="fl-5"/>
      </object_component>
      <object_component id="oc-175">
         <name>.debug_frame</name>
[...]
      </symbol>
      <symbol id="sm-153">
         <name>LDR_Difference</name>
         <value>0x2000024c</value>
         <object_component_ref idref="oc-1c1"/>
      </symbol>
      <symbol id="sm-154">
         <name>ldr_update</name>
         <value>0x3345</value>
         <object_component_ref idref="oc-135"/>
      </symbol>
      <symbol id="sm-155">
         <name>Stop_watch</name>
         <value>0x200002b3</value>
         <object_component_ref idref="oc-1a5"/>
      </symbol>
      <symbol id="sm-156">
         <name>robot_move_rotate</name>
         <value>0x320f</value>
         <object_component_ref idref="oc-135"/>
      </symbol>
      <symbol id="sm-157">
         <name>temperature_update</name>
         <value>0x33bd</value>
         <object_component_ref idref="oc-135"/>
      </symbol>
      <symbol id="sm-158">
         <name>ultrasonic_update</name>
         <value>0x32fd</value>
         <object_component_ref idref="oc-135"/>
      </symbol>
      <symbol id="sm-159">
         <name>obstacle_flag</name>
         <value>0x20000255</value>
         <object_component_ref idref="oc-1c1"/>
      </symbol>
      <symbol id="sm-15a">
         <name>stopwatch_init</name>
         <value>0x3165</value>
         <object_component_ref idref="oc-135"/>
      </symbol>
      <symbol id="sm-15b">
         <name>robot_move_right</name>
         <value>0x31fb</value>
         <object_component_ref idref="oc-135"/>
      </symbol>
      <symbol id="sm-15c">
         <name>LDR2</name>
         <value>0x2000029b</value>
         <object_component_ref idref="oc-1b1"/>
      </symbol>
      <symbol id="sm-15d">
         <name>LDR1</name>
         <value>0x20000294</value>
         <object_component_ref idref="oc-1ae"/>
      </symbol>
      <symbol id="sm-15e">
         <name>robot_move_left</name>
         <value>0x31e7</value>
         <object_component_ref idref="oc-135"/>
      </symbol>
      <symbol id="sm-15f">
         <name>LEFT_SIDE</name>
         <value>0x200002a9</value>
         <object_component_ref idref="oc-1a8"/>
      </symbol>
      <symbol id="sm-17b">
         <name>lcd_display_string</name>
         <value>0x3afd</value>
         <object_component_ref idref="oc-167"/>
      </symbol>
      <symbol id="sm-17c">
         <name>lcd_move_cursor</name>
         <value>0x3b2d</value>
         <object_component_ref idref="oc-167"/>
      </symbol>
      <symbol id="sm-17d">
         <name>lcd_clear_screen</name>
         <value>0x3bc5</value>
         <object_component_ref idref="oc-167"/>
      </symbol>
      <symbol id="sm-17e">
         <name>lcd_display_character</name>
         <value>0x39fb</value>
         <object_component_ref idref="oc-167"/>
      </symbol>
      <symbol id="sm-17f">
         <name>lcd_init</name>
         <value>0x38a5</value>
         <object_component_ref idref="oc-167"/>
      </symbol>
      <symbol id="sm-180">
         <name>lcd_display_string_row_column</name>
         <value>0x3b8b</value>
         <object_component_ref idref="oc-167"/>
      </symbol>
      <symbol id="sm-181">
         <name>lcd_intger_to_string</name>
         <value>0x3bab</value>
         <object_component_ref idref="oc-167"/>
      </symbol>
      <symbol id="sm-182">
         <name>lcd_send_command</name>
         <value>0x3909</value>
         <object_component_ref idref="oc-167"/>
      </symbol>
      <symbol id="sm-190">
         <name>ldr_sensor_reading</name>
         <value>0x47f7</value>
         <object_component_ref idref="oc-173"/>
      </symbol>
      <symbol id="sm-191">
         <name>ldr_sensor_init</name>
         <value>0x47b3</value>
         <object_component_ref idref="oc-173"/>
      </symbol>
      <symbol id="sm-1b5">
         <name>car_side_direction_set</name>
         <value>0x42b7</value>
         <object_component_ref idref="oc-16d"/>
      </symbol>
      <symbol id="sm-1b6">
         <name>car_side_init</name>
         <value>0x4201</value>
         <object_component_ref idref="oc-16d"/>
      </symbol>
      <symbol id="sm-1d0">
         <name>button_get_state</name>
         <value>0x4857</value>
         <object_component_ref idref="oc-185"/>
      </symbol>
      <symbol id="sm-1d1">
         <name>button_init</name>
         <value>0x483d</value>
         <object_component_ref idref="oc-185"/>
      </symbol>
      <symbol id="sm-1df">
         <name>temperature_sensor_init</name>
         <value>0x471d</value>
         <object_component_ref idref="oc-179"/>
      </symbol>
      <symbol id="sm-1e0">
         <name>temperature_sensor_reading</name>
         <value>0x4761</value>
         <object_component_ref idref="oc-179"/>
      </symbol>
      <symbol id="sm-1fd">
         <name>ultarsonic_sensor_read_value</name>
         <value>0x40f5</value>
         <object_component_ref idref="oc-17f"/>
      </symbol>
      <symbol id="sm-1fe">
         <name>ultarsonic_sensor_init</name>
         <value>0x4099</value>
         <object_component_ref idref="oc-17f"/>
      </symbol>
      <symbol id="sm-25a">
         <name>ADC_Configure</name>
         <value>0x3485</value>
         <object_component_ref idref="oc-1e4"/>
      </symbol>
      <symbol id="sm-25b">
         <name>ADC_Get_Conversion</name>
         <value>0x3755</value>
         <object_component_ref idref="oc-1e4"/>
      </symbol>
      <symbol id="sm-32f">
         <name>gpio_write_port</name>
         <value>0x2fc9</value>
         <object_component_ref idref="oc-a2"/>
      </symbol>
      <symbol id="sm-330">
         <name>gpio_init</name>
         <value>0x217d</value>
         <object_component_ref idref="oc-a2"/>
      </symbol>
      <symbol id="sm-331">
         <name>gpio_write_pin</name>
         <value>0x2d55</value>
         <object_component_ref idref="oc-a2"/>
      </symbol>
      <symbol id="sm-332">
         <name>gpio_read_pin</name>
         <value>0x2eed</value>
         <object_component_ref idref="oc-a2"/>
      </symbol>
      <symbol id="sm-333">
         <name>gpio_alternative_function</name>
         <value>0x28a5</value>
         <object_component_ref idref="oc-a2"/>
      </symbol>
      <symbol id="sm-373">
         <name>systick_init</name>
         <value>0x3bd1</value>
         <object_component_ref idref="oc-86"/>
      </symbol>
      <symbol id="sm-374">
         <name>systick_set_busy_wait</name>
         <value>0x3c79</value>
         <object_component_ref idref="oc-86"/>
      </symbol>
      <symbol id="sm-375">
         <name>systick_set_periodic_interval</name>
         <value>0x3dcb</value>
         <object_component_ref idref="oc-86"/>
      </symbol>
      <symbol id="sm-376">
         <name>Systick_Handler</name>
         <value>0x3e81</value>
         <object_component_ref idref="oc-86"/>
      </symbol>
      <symbol id="sm-377">
         <name>systick_deinit</name>
         <value>0x3c39</value>
         <object_component_ref idref="oc-86"/>
      </symbol>
      <symbol id="sm-378">
         <name>systick_set_single_interval</name>
         <value>0x3d0f</value>
         <object_component_ref idref="oc-86"/>
      </symbol>
      <symbol id="sm-644">
         <name>seconds_count</name>
         <value>0x200002c0</value>
         <object_component_ref idref="oc-9f"/>
      </symbol>
      <symbol id="sm-645">
         <name>TIMER3A_Handler</name>
         <value>0x2cd</value>
         <object_component_ref idref="oc-37"/>
      </symbol>
      <symbol id="sm-646">
         <name>TIMER1A_Handler</name>
         <value>0x28d</value>
         <object_component_ref idref="oc-37"/>
      </symbol>
      <symbol id="sm-647">
         <name>TIMER5A_Handler</name>
         <value>0x319</value>
         <object_component_ref idref="oc-37"/>
      </symbol>
      <symbol id="sm-648">
         <name>pwm_init</name>
         <value>0x1259</value>
         <object_component_ref idref="oc-37"/>
      </symbol>
      <symbol id="sm-649">
         <name>pwm_start</name>
         <value>0x1c59</value>
         <object_component_ref idref="oc-37"/>
      </symbol>
      <symbol id="sm-64a">
         <name>WTIMER2B_Handler</name>
         <value>0x389</value>
         <object_component_ref idref="oc-37"/>
      </symbol>
      <symbol id="sm-64b">
         <name>WTIMER0B_Handler</name>
         <value>0x349</value>
         <object_component_ref idref="oc-37"/>
      </symbol>
      <symbol id="sm-64c">
         <name>WTIMER4B_Handler</name>
         <value>0x3c9</value>
         <object_component_ref idref="oc-37"/>
      </symbol>
      <symbol id="sm-64d">
         <name>TIMER2B_Handler</name>
         <value>0x2bd</value>
         <object_component_ref idref="oc-37"/>
      </symbol>
      <symbol id="sm-64e">
         <name>TIMER0B_Handler</name>
         <value>0x27d</value>
         <object_component_ref idref="oc-37"/>
      </symbol>
      <symbol id="sm-64f">
         <name>TIMER4B_Handler</name>
         <value>0x309</value>
         <object_component_ref idref="oc-37"/>
      </symbol>
      <symbol id="sm-650">
         <name>timer_init</name>
         <value>0x455</value>
         <object_component_ref idref="oc-37"/>
      </symbol>
      <symbol id="sm-651">
         <name>WTIMER3B_Handler</name>
         <value>0x3a9</value>
         <object_component_ref idref="oc-37"/>
      </symbol>
      <symbol id="sm-652">
         <name>WTIMER1B_Handler</name>
         <value>0x369</value>
         <object_component_ref idref="oc-37"/>
      </symbol>
      <symbol id="sm-653">
         <name>WTIMER5B_Handler</name>
         <value>0x3e9</value>
         <object_component_ref idref="oc-37"/>
      </symbol>
      <symbol id="sm-654">
         <name>TIMER3B_Handler</name>
         <value>0x2e9</value>
         <object_component_ref idref="oc-37"/>
      </symbol>
      <symbol id="sm-655">
         <name>TIMER1B_Handler</name>
         <value>0x29d</value>
         <object_component_ref idref="oc-37"/>
      </symbol>
      <symbol id="sm-656">
         <name>TIMER5B_Handler</name>
         <value>0x329</value>
         <object_component_ref idref="oc-37"/>
      </symbol>
      <symbol id="sm-657">
         <name>WTIMER2A_Handler</name>
         <value>0x379</value>
         <object_component_ref idref="oc-37"/>
      </symbol>
      <symbol id="sm-658">
         <name>WTIMER0A_Handler</name>
         <value>0x339</value>
         <object_component_ref idref="oc-37"/>
      </symbol>
      <symbol id="sm-659">
         <name>WTIMER4A_Handler</name>
         <value>0x3b9</value>
         <object_component_ref idref="oc-37"/>
      </symbol>
      <symbol id="sm-65a">
         <name>TIMER2A_Handler</name>
         <value>0x2ad</value>
         <object_component_ref idref="oc-37"/>
      </symbol>
      <symbol id="sm-65b">
         <name>TIMER0A_Handler</name>
         <value>0x26d</value>
         <object_component_ref idref="oc-37"/>
      </symbol>
      <symbol id="sm-65c">
         <name>TIMER4A_Handler</name>
         <value>0x2f9</value>
         <object_component_ref idref="oc-37"/>
      </symbol>
      <symbol id="sm-65d">
         <name>WTIMER3A_Handler</name>
         <value>0x399</value>
         <object_component_ref idref="oc-37"/>
      </symbol>
      <symbol id="sm-65e">
         <name>WTIMER1A_Handler</name>
         <value>0x359</value>
         <object_component_ref idref="oc-37"/>
      </symbol>
      <symbol id="sm-65f">
         <name>WTIMER5A_Handler</name>
         <value>0x3d9</value>
         <object_component_ref idref="oc-37"/>
      </symbol>
      <symbol id="sm-672">
         <name>_delay_ms</name>
         <value>0x48c5</value>
         <object_component_ref idref="oc-18b"/>
      </symbol>
      <symbol id="sm-673">
         <name>_delay_us</name>
         <value>0x4907</value>
         <object_component_ref idref="oc-18b"/>
      </symbol>
      <symbol id="sm-6ab">
         <name>tasks_scheduler</name>
         <value>0x44e3</value>
         <object_component_ref idref="oc-31"/>
      </symbol>
      <symbol id="sm-6ac">
         <name>OS_Flag</name>
         <value>0x2000025a</value>
         <object_component_ref idref="oc-8c"/>
      </symbol>
      <symbol id="sm-6ad">
         <name>tasks</name>
         <value>0x20000200</value>
         <object_component_ref idref="oc-92"/>
      </symbol>
      <symbol id="sm-6ae">
         <name>tasks_time</name>
         <value>0x20000268</value>
         <object_component_ref idref="oc-95"/>
      </symbol>
      <symbol id="sm-6af">
         <name>Scheduler_Notification</name>
         <value>0x4471</value>
         <object_component_ref idref="oc-31"/>
      </symbol>
      <symbol id="sm-6b0">
         <name>init_scheduler</name>
         <value>0x4479</value>
         <object_component_ref idref="oc-31"/>
      </symbol>
      <symbol id="sm-6b1">
         <name>create_task</name>
         <value>0x448d</value>
         <object_component_ref idref="oc-31"/>
      </symbol>
      <symbol id="sm-6c2">
         <name>_c_int00</name>
         <value>0x4afd</value>
         <object_component_ref idref="oc-24"/>
      </symbol>
      <symbol id="sm-6c3">
         <name>__stack</name>
         <value>0x20000000</value>
         <object_component_ref idref="oc-2a"/>
      </symbol>
      <symbol id="sm-6e1">
         <name>__TI_decompress_lzss</name>
         <value>0x4a2d</value>
         <object_component_ref idref="oc-12"/>
      </symbol>
      <symbol id="sm-6f8">
         <name>__TI_decompress_none</name>
         <value>0x4d0d</value>
         <object_component_ref idref="oc-18"/>
      </symbol>
      <symbol id="sm-70f">
         <name>__TI_zero_init</name>
         <value>0x4d1b</value>
         <object_component_ref idref="oc-1e"/>
      </symbol>
      <symbol id="sm-730">
         <name>C$$EXIT</name>
         <value>0x4b51</value>
         <object_component_ref idref="oc-7b"/>
      </symbol>
      <symbol id="sm-731">
         <name>abort</name>
         <value>0x4b55</value>
         <object_component_ref idref="oc-7b"/>
      </symbol>
      <symbol id="sm-732">
         <name>exit</name>
         <value>0x4b5d</value>
         <object_component_ref idref="oc-7b"/>
      </symbol>
      <symbol id="sm-733">
         <name>__TI_dtors_ptr</name>
         <value>0x20000260</value>
         <object_component_ref idref="oc-df"/>
      </symbol>
      <symbol id="sm-734">
         <name>__TI_cleanup_ptr</name>
         <value>0x2000025c</value>
         <object_component_ref idref="oc-df"/>
      </symbol>
      <symbol id="sm-735">
         <name>__TI_enable_exit_profile_output</name>
         <value>0x20000264</value>
         <object_component_ref idref="oc-df"/>
      </symbol>
      <symbol id="sm-74c">
         <name>__aeabi_dsub</name>
         <value>0x3ee1</value>
         <object_component_ref idref="oc-1a0"/>
      </symbol>
      <symbol id="sm-74d">
         <name>__aeabi_dadd</name>
         <value>0x3eeb</value>
         <object_component_ref idref="oc-1a0"/>
      </symbol>
      <symbol id="sm-761">
         <name>__aeabi_ddiv</name>
         <value>0x4339</value>
         <object_component_ref idref="oc-ef"/>
      </symbol>
      <symbol id="sm-76c">
         <name>__aeabi_dmul</name>
         <value>0x4585</value>
         <object_component_ref idref="oc-19b"/>
      </symbol>
      <symbol id="sm-776">
         <name>__aeabi_d2uiz</name>
         <value>0x4c45</value>
         <object_component_ref idref="oc-f4"/>
      </symbol>
      <symbol id="sm-781">
         <name>__aeabi_f2d</name>
         <value>0x4c89</value>
         <object_component_ref idref="oc-ea"/>
      </symbol>
      <symbol id="sm-790">
         <name>ltoa</name>
         <value>0x4ba5</value>
         <object_component_ref idref="oc-1cf"/>
      </symbol>
      <symbol id="sm-7ab">
         <name>memcpy</name>
         <value>0x4681</value>
         <object_component_ref idref="oc-4b"/>
      </symbol>
      <symbol id="sm-7ac">
         <name>__aeabi_memcpy</name>
         <value>0x4681</value>
         <object_component_ref idref="oc-4b"/>
      </symbol>
      <symbol id="sm-7ad">
         <name>__aeabi_memcpy8</name>
         <value>0x4681</value>
         <object_component_ref idref="oc-4b"/>
      </symbol>
      <symbol id="sm-7ae">
         <name>__aeabi_memcpy4</name>
         <value>0x4681</value>
         <object_component_ref idref="oc-4b"/>
      </symbol>
      <symbol id="sm-7bd">
         <name>__aeabi_memset</name>
         <value>0x4943</value>
         <object_component_ref idref="oc-57"/>
      </symbol>
      <symbol id="sm-7be">
         <name>memset</name>
         <value>0x4949</value>
         <object_component_ref idref="oc-57"/>
      </symbol>
      <symbol id="sm-7bf">
         <name>__aeabi_memset8</name>
         <value>0x4943</value>
         <object_component_ref idref="oc-57"/>
      </symbol>
      <symbol id="sm-7c0">
         <name>__aeabi_memset4</name>
         <value>0x4943</value>
         <object_component_ref idref="oc-57"/>
      </symbol>
      <symbol id="sm-7c1">
         <name>__aeabi_memclr8</name>
         <value>0x4941</value>
         <object_component_ref idref="oc-57"/>
      </symbol>
      <symbol id="sm-7c2">
         <name>__aeabi_memclr4</name>
         <value>0x4941</value>
         <object_component_ref idref="oc-57"/>
      </symbol>
      <symbol id="sm-7c3">
         <name>__aeabi_memclr</name>
         <value>0x4941</value>
         <object_component_ref idref="oc-57"/>
      </symbol>
      <symbol id="sm-7cd">
         <name>__mpu_init</name>
         <value>0x3bcf</value>
         <object_component_ref idref="oc-63"/>
      </symbol>
      <symbol id="sm-7d7">
         <name>_system_pre_init</name>
         <value>0x4d33</value>
         <object_component_ref idref="oc-69"/>
      </symbol>
      <symbol id="sm-7df">
         <name>main_func_sp</name>
         <value>0x200002b8</value>
         <object_component_ref idref="oc-81"/>
      </symbol>
      <symbol id="sm-7e9">
         <name>__aeabi_ui2d</name>
         <value>0x4cc1</value>
         <object_component_ref idref="oc-196"/>
      </symbol>
      <symbol id="sm-802">
         <name>_nop</name>
         <value>0x4d07</value>
         <object_component_ref idref="oc-145"/>
      </symbol>
      <symbol id="sm-803">
         <name>_lock</name>
         <value>0x20000274</value>
         <object_component_ref idref="oc-e2"/>
      </symbol>
      <symbol id="sm-804">
         <name>_unlock</name>
         <value>0x20000278</value>
         <object_component_ref idref="oc-e2"/>
      </symbol>
      <symbol id="sm-805">
         <name>_register_lock</name>
         <value>0x4cff</value>
         <object_component_ref idref="oc-145"/>
      </symbol>
      <symbol id="sm-806">
         <name>_register_unlock</name>
         <value>0x4cf9</value>
         <object_component_ref idref="oc-145"/>
      </symbol>
      <symbol id="sm-81a">
         <name>_args_main</name>
         <value>0x4ce1</value>
         <object_component_ref idref="oc-75"/>
      </symbol>
      <symbol id="sm-844">
         <name>__TI_auto_init</name>
         <value>0x49bd</value>
         <object_component_ref idref="oc-6f"/>
      </symbol>
      <symbol id="sm-85e">
         <name>copy_in</name>
         <value>0x4bf9</value>
         <object_component_ref idref="oc-c9"/>
      </symbol>
      <symbol id="sm-868">
         <name>_system_post_cinit</name>
         <value>0x4097</value>
         <object_component_ref idref="oc-cf"/>
      </symbol>
      <symbol id="sm-869">
         <name>__TI_static_base__</name>
         <value>0x0</value>
      </symbol>
      <symbol id="sm-86c">
         <name>SHT$$INIT_ARRAY$$Limit</name>
         <value>0x0</value>
      </symbol>
      <symbol id="sm-86d">
         <name>SHT$$INIT_ARRAY$$Base</name>
         <value>0x0</value>
      </symbol>
   </symbol_table>
   <title>Link successful</title>
</link_info>
