******************************************************************************
                  TI ARM Linker PC v16.9.4                     
******************************************************************************
>> Linked Fri Sep 15 15:21:03 2023

OUTPUT FILE NAME:   <TEST2.out>
ENTRY POINT SYMBOL: "_c_int00"  address: 00004afd


MEMORY CONFIGURATION

         name            origin    length      used     unused   attr    fill
----------------------  --------  ---------  --------  --------  ----  --------
  FLASH                 00000000   00040000  00004da8  0003b258  R  X
  SRAM                  20000000   00008000  000002d6  00007d2a  RW X


SEGMENT ALLOCATION MAP

run origin  load origin   length   init length attrs members
----------  ----------- ---------- ----------- ----- -------
00000000    00000000    00004da8   00004da8    r-x
  00000000    00000000    0000026c   0000026c    r-- .intvecs
  0000026c    0000026c    00004aca   00004aca    r-x .text
  00004d36    00004d36    0000000a   0000000a    r-- .const
  00004d40    00004d40    00000068   00000068    r-- .cinit
20000000    20000000    000002d7   00000000    rw-
  20000000    20000000    00000200   00000000    rw- .stack
  20000200    20000200    000000c7   00000000    rw- .data
  200002c8    200002c8    0000000f   00000000    rw- .bss


SECTION ALLOCATION MAP

 output                                  attributes/
section   page    origin      length       input sections
--------  ----  ----------  ----------   ----------------
.intvecs   0    00000000    0000026c     
                  00000000    0000026c     tm4c123gh6pm_startup_ccs.obj (.intvecs)

.text      0    0000026c    00004aca     
                  0000026c    00001f10     timer.obj (.text)
                  0000217c    00000ed0     gpio.obj (.text)
                  0000304c    00000438     app.obj (.text)
                  00003484    00000420     adc.obj (.text)
                  000038a4    0000032a     lcd.obj (.text)
                  00003bce    00000002     rtsv7M4_T_le_v4SPD16_eabi.lib : mpu_init.obj (.text)
                  00003bd0    00000310     systick.obj (.text)
                  00003ee0    000001b6     rtsv7M4_T_le_v4SPD16_eabi.lib : fd_add_t2.obj (.text)
                  00004096    00000002                                   : startup.obj (.text)
                  00004098    00000168     ultrasonic_sensor.obj (.text)
                  00004200    00000138     motor.obj (.text)
                  00004338    00000136     rtsv7M4_T_le_v4SPD16_eabi.lib : fd_div_t2.obj (.text)
                  0000446e    00000002     --HOLE-- [fill = 0]
                  00004470    00000114     scheduler.obj (.text)
                  00004584    000000fc     rtsv7M4_T_le_v4SPD16_eabi.lib : fd_mul_t2.obj (.text)
                  00004680    0000009c                                   : memcpy_t2.obj (.text)
                  0000471c    00000096     temperture_sensor.obj (.text)
                  000047b2    0000008a     ldr_sensor.obj (.text)
                  0000483c    00000088     switch.obj (.text)
                  000048c4    0000007c     general_functions.obj (.text)
                  00004940    0000007a     rtsv7M4_T_le_v4SPD16_eabi.lib : memset_t2.obj (.text)
                  000049ba    00000002     --HOLE-- [fill = 0]
                  000049bc    00000070                                   : autoinit.obj (.text)
                  00004a2c    00000068                                   : copy_decompress_lzss.obj (.text:decompress:lzss)
                  00004a94    00000068     main.obj (.text)
                  00004afc    00000054     rtsv7M4_T_le_v4SPD16_eabi.lib : boot.obj (.text)
                  00004b50    00000054                                   : exit.obj (.text)
                  00004ba4    00000054                                   : ltoa.obj (.text)
                  00004bf8    0000004c                                   : cpy_tbl.obj (.text)
                  00004c44    00000044                                   : fd_tou_t2.obj (.text)
                  00004c88    00000038                                   : fs_tod_t2.obj (.text)
                  00004cc0    00000020                                   : u_tofd_t2.obj (.text)
                  00004ce0    00000018                                   : args_main.obj (.text)
                  00004cf8    00000014                                   : _lock.obj (.text)
                  00004d0c    0000000e                                   : copy_decompress_none.obj (.text:decompress:none)
                  00004d1a    0000000c                                   : copy_zero_init.obj (.text:decompress:ZI)
                  00004d26    0000000c     tm4c123gh6pm_startup_ccs.obj (.text)
                  00004d32    00000004     rtsv7M4_T_le_v4SPD16_eabi.lib : pre_init.obj (.text)

.const     0    00004d36    0000000a     
                  00004d36    00000005     motor.obj (.const:$P$T0$1)
                  00004d3b    00000005     motor.obj (.const:$P$T1$2)

.cinit     0    00004d40    00000068     
                  00004d40    00000044     (.cinit..data.load) [load image, compression = lzss]
                  00004d84    0000000c     (__TI_handler_table)
                  00004d90    00000008     (.cinit..bss.load) [load image, compression = zero_init]
                  00004d98    00000010     (__TI_cinit_table)

.init_array 
*          0    00000000    00000000     UNINITIALIZED

.stack     0    20000000    00000200     UNINITIALIZED
                  20000000    00000200     --HOLE--

.data      0    20000200    000000c7     UNINITIALIZED
                  20000200    00000048     scheduler.obj (.data:tasks)
                  20000248    00000012     app.obj (.data)
                  2000025a    00000002     scheduler.obj (.data)
                  2000025c    0000000c     rtsv7M4_T_le_v4SPD16_eabi.lib : exit.obj (.data:$O1$$)
                  20000268    0000000c     scheduler.obj (.data:tasks_time)
                  20000274    00000008     rtsv7M4_T_le_v4SPD16_eabi.lib : _lock.obj (.data:$O1$$)
                  2000027c    00000008     app.obj (.data:start_switch)
                  20000284    00000008     app.obj (.data:stop_switch)
                  2000028c    00000008     scheduler.obj (.data:systick1)
                  20000294    00000007     app.obj (.data:LDR1)
                  2000029b    00000007     app.obj (.data:LDR2)
                  200002a2    00000007     app.obj (.data:TEMP_SENSOR)
                  200002a9    00000005     app.obj (.data:LEFT_SIDE)
                  200002ae    00000005     app.obj (.data:RIGHT_SIDE)
                  200002b3    00000005     app.obj (.data:Stop_watch)
                  200002b8    00000004     rtsv7M4_T_le_v4SPD16_eabi.lib : stkdepth_vars.obj (.data)
                  200002bc    00000004     systick.obj (.data)
                  200002c0    00000004     timer.obj (.data)
                  200002c4    00000003     app.obj (.data:Ultrasonic_Sensor)

.bss       0    200002c8    0000000f     UNINITIALIZED
                  200002c8    00000004     (.common:hours)
                  200002cc    00000004     (.common:mins)
                  200002d0    00000004     (.common:secs)
                  200002d4    00000002     app.obj (.bss)
                  200002d6    00000001     systick.obj (.bss)

MODULE SUMMARY

       Module                         code    ro data   rw data
       ------                         ----    -------   -------
    .\
       tm4c123gh6pm_startup_ccs.obj   12      620       0      
       main.obj                       104     0         0      
    +--+------------------------------+-------+---------+---------+
       Total:                         116     620       0      
                                                               
    .\APPLICATION\
       app.obj                        1080    0         87     
    +--+------------------------------+-------+---------+---------+
       Total:                         1080    0         87     
                                                               
    .\HAL\LCD\
       lcd.obj                        810     0         0      
    +--+------------------------------+-------+---------+---------+
       Total:                         810     0         0      
                                                               
    .\HAL\LDR\
       ldr_sensor.obj                 138     0         0      
    +--+------------------------------+-------+---------+---------+
       Total:                         138     0         0      
                                                               
    .\HAL\MOTOR\
       motor.obj                      312     10        0      
    +--+------------------------------+-------+---------+---------+
       Total:                         312     10        0      
                                                               
    .\HAL\SWITCH\
       switch.obj                     136     0         0      
    +--+------------------------------+-------+---------+---------+
       Total:                         136     0         0      
                                                               
    .\HAL\TEMP_SENSOR\
       temperture_sensor.obj          150     0         0      
    +--+------------------------------+-------+---------+---------+
       Total:                         150     0         0      
                                                               
    .\HAL\ULTRASONIC\
       ultrasonic_sensor.obj          360     0         0      
    +--+------------------------------+-------+---------+---------+
       Total:                         360     0         0      
                                                               
    .\MCAL\
       general_functions.obj          124     0         0      
    +--+------------------------------+-------+---------+---------+
       Total:                         124     0         0      
                                                               
    .\MCAL\ADC\
       adc.obj                        1056    0         0      
    +--+------------------------------+-------+---------+---------+
       Total:                         1056    0         0      
                                                               
    .\MCAL\GPIO\
       gpio.obj                       3792    0         0      
    +--+------------------------------+-------+---------+---------+
       Total:                         3792    0         0      
                                                               
    .\MCAL\SYSTICK\
       systick.obj                    784     0         5      
    +--+------------------------------+-------+---------+---------+
       Total:                         784     0         5      
                                                               
    .\MCAL\TIMER\
       timer.obj                      7952    0         4      
    +--+------------------------------+-------+---------+---------+
       Total:                         7952    0         4      
                                                               
    .\SCHEDULER\
       scheduler.obj                  276     0         94     
    +--+------------------------------+-------+---------+---------+
       Total:                         276     0         94     
                                                               
    C:\ti\ccsv7\tools\compiler\ti-cgt-arm_16.9.4.LTS\lib\rtsv7M4_T_le_v4SPD16_eabi.lib
       fd_add_t2.obj                  438     0         0      
       fd_div_t2.obj                  310     0         0      
       fd_mul_t2.obj                  252     0         0      
       memcpy_t2.obj                  156     0         0      
       memset_t2.obj                  122     0         0      
       autoinit.obj                   112     0         0      
       copy_decompress_lzss.obj       104     0         0      
       exit.obj                       84      0         12     
       boot.obj                       84      0         0      
       ltoa.obj                       84      0         0      
       cpy_tbl.obj                    76      0         0      
       fd_tou_t2.obj                  68      0         0      
       fs_tod_t2.obj                  56      0         0      
       u_tofd_t2.obj                  32      0         0      
       _lock.obj                      20      0         8      
       args_main.obj                  24      0         0      
       copy_decompress_none.obj       14      0         0      
       copy_zero_init.obj             12      0         0      
       pre_init.obj                   4       0         0      
       stkdepth_vars.obj              0       0         4      
       mpu_init.obj                   2       0         0      
       startup.obj                    2       0         0      
    +--+------------------------------+-------+---------+---------+
       Total:                         2056    0         24     
                                                               
       Stack:                         0       0         512    
       Linker Generated:              0       104       0      
    +--+------------------------------+-------+---------+---------+
       Grand Total:                   19142   734       726    


LINKER GENERATED COPY TABLES

__TI_cinit_table @ 00004d98 records: 2, size/record: 8, table size: 16
	.data: load addr=00004d40, load size=00000044 bytes, run addr=20000200, run size=000000c7 bytes, compression=lzss
	.bss: load addr=00004d90, load size=00000008 bytes, run addr=200002c8, run size=0000000f bytes, compression=zero_init


LINKER GENERATED HANDLER TABLE

__TI_handler_table @ 00004d84 records: 3, size/record: 4, table size: 12
	index: 0, handler: __TI_decompress_lzss
	index: 1, handler: __TI_decompress_none
	index: 2, handler: __TI_zero_init


GLOBAL SYMBOLS: SORTED ALPHABETICALLY BY Name 

address   name                           
-------   ----                           
00003485  ADC_Configure                  
00003755  ADC_Get_Conversion             
00004b51  C$$EXIT                        
20000294  LDR1                           
20000248  LDR1_Read                      
2000029b  LDR2                           
2000024a  LDR2_Read                      
2000024c  LDR_Difference                 
2000024e  LDR_Difference_LCD             
200002a9  LEFT_SIDE                      
2000025a  OS_Flag                        
200002ae  RIGHT_SIDE                     
00004d27  ResetISR                       
UNDEFED   SHT$$INIT_ARRAY$$Base          
UNDEFED   SHT$$INIT_ARRAY$$Limit         
00004471  Scheduler_Notification         
200002b3  Stop_watch                     
00003e81  Systick_Handler                
200002a2  TEMP_SENSOR                    
0000026d  TIMER0A_Handler                
0000027d  TIMER0B_Handler                
0000028d  TIMER1A_Handler                
0000029d  TIMER1B_Handler                
000002ad  TIMER2A_Handler                
000002bd  TIMER2B_Handler                
000002cd  TIMER3A_Handler                
000002e9  TIMER3B_Handler                
000002f9  TIMER4A_Handler                
00000309  TIMER4B_Handler                
00000319  TIMER5A_Handler                
00000329  TIMER5B_Handler                
200002c4  Ultrasonic_Sensor              
00000339  WTIMER0A_Handler               
00000349  WTIMER0B_Handler               
00000359  WTIMER1A_Handler               
00000369  WTIMER1B_Handler               
00000379  WTIMER2A_Handler               
00000389  WTIMER2B_Handler               
00000399  WTIMER3A_Handler               
000003a9  WTIMER3B_Handler               
000003b9  WTIMER4A_Handler               
000003c9  WTIMER4B_Handler               
000003d9  WTIMER5A_Handler               
000003e9  WTIMER5B_Handler               
20000200  __STACK_END                    
00000200  __STACK_SIZE                   
20000200  __STACK_TOP                    
00004d98  __TI_CINIT_Base                
00004da8  __TI_CINIT_Limit               
00004d84  __TI_Handler_Table_Base        
00004d90  __TI_Handler_Table_Limit       
000049bd  __TI_auto_init                 
2000025c  __TI_cleanup_ptr               
00004a2d  __TI_decompress_lzss           
00004d0d  __TI_decompress_none           
20000260  __TI_dtors_ptr                 
20000264  __TI_enable_exit_profile_output
ffffffff  __TI_pprof_out_hndl            
ffffffff  __TI_prof_data_size            
ffffffff  __TI_prof_data_start           
00000000  __TI_static_base__             
00004d1b  __TI_zero_init                 
00004c45  __aeabi_d2uiz                  
00003eeb  __aeabi_dadd                   
00004339  __aeabi_ddiv                   
00004585  __aeabi_dmul                   
00003ee1  __aeabi_dsub                   
00004c89  __aeabi_f2d                    
00004941  __aeabi_memclr                 
00004941  __aeabi_memclr4                
00004941  __aeabi_memclr8                
00004681  __aeabi_memcpy                 
00004681  __aeabi_memcpy4                
00004681  __aeabi_memcpy8                
00004943  __aeabi_memset                 
00004943  __aeabi_memset4                
00004943  __aeabi_memset8                
00004cc1  __aeabi_ui2d                   
ffffffff  __binit__                      
ffffffff  __c_args__                     
00003bcf  __mpu_init                     
20000000  __stack                        
00004ce1  _args_main                     
00004afd  _c_int00                       
000048c5  _delay_ms                      
00004907  _delay_us                      
20000274  _lock                          
00004d07  _nop                           
00004cff  _register_lock                 
00004cf9  _register_unlock               
00004097  _system_post_cinit             
00004d33  _system_pre_init               
20000278  _unlock                        
00004b55  abort                          
ffffffff  binit                          
00004857  button_get_state               
0000483d  button_init                    
000042b7  car_side_direction_set         
00004201  car_side_init                  
00004bf9  copy_in                        
20000254  counter                        
0000448d  create_task                    
00004b5d  exit                           
00000000  g_pfnVectors                   
000028a5  gpio_alternative_function      
0000217d  gpio_init                      
00002eed  gpio_read_pin                  
00002d55  gpio_write_pin                 
00002fc9  gpio_write_port                
200002c8  hours                          
00004479  init_scheduler                 
00003bc5  lcd_clear_screen               
000039fb  lcd_display_character          
00003afd  lcd_display_string             
00003b8b  lcd_display_string_row_column  
000038a5  lcd_init                       
00003bab  lcd_intger_to_string           
00003b2d  lcd_move_cursor                
00003909  lcd_send_command               
000032a5  lcd_update                     
000047b3  ldr_sensor_init                
000047f7  ldr_sensor_reading             
00003345  ldr_update                     
00004ba5  ltoa                           
00004a95  main                           
200002b8  main_func_sp                   
0000304d  manage_time                    
00004681  memcpy                         
00004949  memset                         
200002cc  mins                           
20000250  obstacle_distance              
20000255  obstacle_flag                  
00001259  pwm_init                       
00001c59  pwm_start                      
000031bf  robot_move_back                
000031ab  robot_move_forward             
000031e7  robot_move_left                
000031fb  robot_move_right               
0000320f  robot_move_rotate              
000031d3  robot_move_stop                
000033ab  robot_state                    
200002c0  seconds_count                  
200002d0  secs                           
20000252  start_flag                     
2000027c  start_switch                   
20000253  stop_flag                      
20000284  stop_switch                    
00003165  stopwatch_init                 
0000323b  switches_update                
00003173  system_init                    
00003c39  systick_deinit                 
00003bd1  systick_init                   
00003c79  systick_set_busy_wait          
00003dcb  systick_set_periodic_interval  
00003d0f  systick_set_single_interval    
20000200  tasks                          
000044e3  tasks_scheduler                
20000268  tasks_time                     
0000471d  temperature_sensor_init        
00004761  temperature_sensor_reading     
000033bd  temperature_update             
20000256  temperature_value              
00000455  timer_init                     
00004099  ultarsonic_sensor_init         
000040f5  ultarsonic_sensor_read_value   
000032fd  ultrasonic_update              


GLOBAL SYMBOLS: SORTED BY Symbol Address 

address   name                           
-------   ----                           
00000000  __TI_static_base__             
00000000  g_pfnVectors                   
00000200  __STACK_SIZE                   
0000026d  TIMER0A_Handler                
0000027d  TIMER0B_Handler                
0000028d  TIMER1A_Handler                
0000029d  TIMER1B_Handler                
000002ad  TIMER2A_Handler                
000002bd  TIMER2B_Handler                
000002cd  TIMER3A_Handler                
000002e9  TIMER3B_Handler                
000002f9  TIMER4A_Handler                
00000309  TIMER4B_Handler                
00000319  TIMER5A_Handler                
00000329  TIMER5B_Handler                
00000339  WTIMER0A_Handler               
00000349  WTIMER0B_Handler               
00000359  WTIMER1A_Handler               
00000369  WTIMER1B_Handler               
00000379  WTIMER2A_Handler               
00000389  WTIMER2B_Handler               
00000399  WTIMER3A_Handler               
000003a9  WTIMER3B_Handler               
000003b9  WTIMER4A_Handler               
000003c9  WTIMER4B_Handler               
000003d9  WTIMER5A_Handler               
000003e9  WTIMER5B_Handler               
00000455  timer_init                     
00001259  pwm_init                       
00001c59  pwm_start                      
0000217d  gpio_init                      
000028a5  gpio_alternative_function      
00002d55  gpio_write_pin                 
00002eed  gpio_read_pin                  
00002fc9  gpio_write_port                
0000304d  manage_time                    
00003165  stopwatch_init                 
00003173  system_init                    
000031ab  robot_move_forward             
000031bf  robot_move_back                
000031d3  robot_move_stop                
000031e7  robot_move_left                
000031fb  robot_move_right               
0000320f  robot_move_rotate              
0000323b  switches_update                
000032a5  lcd_update                     
000032fd  ultrasonic_update              
00003345  ldr_update                     
000033ab  robot_state                    
000033bd  temperature_update             
00003485  ADC_Configure                  
00003755  ADC_Get_Conversion             
000038a5  lcd_init                       
00003909  lcd_send_command               
000039fb  lcd_display_character          
00003afd  lcd_display_string             
00003b2d  lcd_move_cursor                
00003b8b  lcd_display_string_row_column  
00003bab  lcd_intger_to_string           
00003bc5  lcd_clear_screen               
00003bcf  __mpu_init                     
00003bd1  systick_init                   
00003c39  systick_deinit                 
00003c79  systick_set_busy_wait          
00003d0f  systick_set_single_interval    
00003dcb  systick_set_periodic_interval  
00003e81  Systick_Handler                
00003ee1  __aeabi_dsub                   
00003eeb  __aeabi_dadd                   
00004097  _system_post_cinit             
00004099  ultarsonic_sensor_init         
000040f5  ultarsonic_sensor_read_value   
00004201  car_side_init                  
000042b7  car_side_direction_set         
00004339  __aeabi_ddiv                   
00004471  Scheduler_Notification         
00004479  init_scheduler                 
0000448d  create_task                    
000044e3  tasks_scheduler                
00004585  __aeabi_dmul                   
00004681  __aeabi_memcpy                 
00004681  __aeabi_memcpy4                
00004681  __aeabi_memcpy8                
00004681  memcpy                         
0000471d  temperature_sensor_init        
00004761  temperature_sensor_reading     
000047b3  ldr_sensor_init                
000047f7  ldr_sensor_reading             
0000483d  button_init                    
00004857  button_get_state               
000048c5  _delay_ms                      
00004907  _delay_us                      
00004941  __aeabi_memclr                 
00004941  __aeabi_memclr4                
00004941  __aeabi_memclr8                
00004943  __aeabi_memset                 
00004943  __aeabi_memset4                
00004943  __aeabi_memset8                
00004949  memset                         
000049bd  __TI_auto_init                 
00004a2d  __TI_decompress_lzss           
00004a95  main                           
00004afd  _c_int00                       
00004b51  C$$EXIT                        
00004b55  abort                          
00004b5d  exit                           
00004ba5  ltoa                           
00004bf9  copy_in                        
00004c45  __aeabi_d2uiz                  
00004c89  __aeabi_f2d                    
00004cc1  __aeabi_ui2d                   
00004ce1  _args_main                     
00004cf9  _register_unlock               
00004cff  _register_lock                 
00004d07  _nop                           
00004d0d  __TI_decompress_none           
00004d1b  __TI_zero_init                 
00004d27  ResetISR                       
00004d33  _system_pre_init               
00004d84  __TI_Handler_Table_Base        
00004d90  __TI_Handler_Table_Limit       
00004d98  __TI_CINIT_Base                
00004da8  __TI_CINIT_Limit               
20000000  __stack                        
20000200  __STACK_END                    
20000200  __STACK_TOP                    
20000200  tasks                          
20000248  LDR1_Read                      
2000024a  LDR2_Read                      
2000024c  LDR_Difference                 
2000024e  LDR_Difference_LCD             
20000250  obstacle_distance              
20000252  start_flag                     
20000253  stop_flag                      
20000254  counter                        
20000255  obstacle_flag                  
20000256  temperature_value              
2000025a  OS_Flag                        
2000025c  __TI_cleanup_ptr               
20000260  __TI_dtors_ptr                 
20000264  __TI_enable_exit_profile_output
20000268  tasks_time                     
20000274  _lock                          
20000278  _unlock                        
2000027c  start_switch                   
20000284  stop_switch                    
20000294  LDR1                           
2000029b  LDR2                           
200002a2  TEMP_SENSOR                    
200002a9  LEFT_SIDE                      
200002ae  RIGHT_SIDE                     
200002b3  Stop_watch                     
200002b8  main_func_sp                   
200002c0  seconds_count                  
200002c4  Ultrasonic_Sensor              
200002c8  hours                          
200002cc  mins                           
200002d0  secs                           
ffffffff  __TI_pprof_out_hndl            
ffffffff  __TI_prof_data_size            
ffffffff  __TI_prof_data_start           
ffffffff  __binit__                      
ffffffff  __c_args__                     
ffffffff  binit                          
UNDEFED   SHT$$INIT_ARRAY$$Base          
UNDEFED   SHT$$INIT_ARRAY$$Limit         

[166 symbols]
